Archive member included to satisfy reference by file (symbol)

C:/built/gnu/bin/../lib/gcc/arm-none-eabi/15.2.1/../../../../arm-none-eabi/lib/thumb/v7e-m+fp/hard\libc_nano.a(libc_a-exit.o)
                              C:/built/gnu/bin/../lib/gcc/arm-none-eabi/15.2.1/../../../../arm-none-eabi/lib/thumb/v7e-m+fp/hard/crt0.o (exit)
C:/built/gnu/bin/../lib/gcc/arm-none-eabi/15.2.1/../../../../arm-none-eabi/lib/thumb/v7e-m+fp/hard\libc_nano.a(libc_a-findfp.o)
                              C:/built/gnu/bin/../lib/gcc/arm-none-eabi/15.2.1/../../../../arm-none-eabi/lib/thumb/v7e-m+fp/hard\libc_nano.a(libc_a-exit.o) (__stdio_exit_handler)
C:/built/gnu/bin/../lib/gcc/arm-none-eabi/15.2.1/../../../../arm-none-eabi/lib/thumb/v7e-m+fp/hard\libc_nano.a(libc_a-fwalk.o)
                              C:/built/gnu/bin/../lib/gcc/arm-none-eabi/15.2.1/../../../../arm-none-eabi/lib/thumb/v7e-m+fp/hard\libc_nano.a(libc_a-findfp.o) (_fwalk_sglue)
C:/built/gnu/bin/../lib/gcc/arm-none-eabi/15.2.1/../../../../arm-none-eabi/lib/thumb/v7e-m+fp/hard\libc_nano.a(libc_a-stdio.o)
                              C:/built/gnu/bin/../lib/gcc/arm-none-eabi/15.2.1/../../../../arm-none-eabi/lib/thumb/v7e-m+fp/hard\libc_nano.a(libc_a-findfp.o) (__sread)
C:/built/gnu/bin/../lib/gcc/arm-none-eabi/15.2.1/../../../../arm-none-eabi/lib/thumb/v7e-m+fp/hard\libc_nano.a(libc_a-memcmp.o)
                              build/main.o (memcmp)
C:/built/gnu/bin/../lib/gcc/arm-none-eabi/15.2.1/../../../../arm-none-eabi/lib/thumb/v7e-m+fp/hard\libc_nano.a(libc_a-memset.o)
                              C:/built/gnu/bin/../lib/gcc/arm-none-eabi/15.2.1/../../../../arm-none-eabi/lib/thumb/v7e-m+fp/hard/crt0.o (memset)
C:/built/gnu/bin/../lib/gcc/arm-none-eabi/15.2.1/../../../../arm-none-eabi/lib/thumb/v7e-m+fp/hard\libc_nano.a(libc_a-closer.o)
                              C:/built/gnu/bin/../lib/gcc/arm-none-eabi/15.2.1/../../../../arm-none-eabi/lib/thumb/v7e-m+fp/hard\libc_nano.a(libc_a-stdio.o) (_close_r)
C:/built/gnu/bin/../lib/gcc/arm-none-eabi/15.2.1/../../../../arm-none-eabi/lib/thumb/v7e-m+fp/hard\libc_nano.a(libc_a-reent.o)
                              C:/built/gnu/bin/../lib/gcc/arm-none-eabi/15.2.1/../../../../arm-none-eabi/lib/thumb/v7e-m+fp/hard\libc_nano.a(libc_a-closer.o) (errno)
C:/built/gnu/bin/../lib/gcc/arm-none-eabi/15.2.1/../../../../arm-none-eabi/lib/thumb/v7e-m+fp/hard\libc_nano.a(libc_a-impure.o)
                              C:/built/gnu/bin/../lib/gcc/arm-none-eabi/15.2.1/../../../../arm-none-eabi/lib/thumb/v7e-m+fp/hard\libc_nano.a(libc_a-reent.o) (_impure_ptr)
C:/built/gnu/bin/../lib/gcc/arm-none-eabi/15.2.1/../../../../arm-none-eabi/lib/thumb/v7e-m+fp/hard\libc_nano.a(libc_a-lseekr.o)
                              C:/built/gnu/bin/../lib/gcc/arm-none-eabi/15.2.1/../../../../arm-none-eabi/lib/thumb/v7e-m+fp/hard\libc_nano.a(libc_a-stdio.o) (_lseek_r)
C:/built/gnu/bin/../lib/gcc/arm-none-eabi/15.2.1/../../../../arm-none-eabi/lib/thumb/v7e-m+fp/hard\libc_nano.a(libc_a-readr.o)
                              C:/built/gnu/bin/../lib/gcc/arm-none-eabi/15.2.1/../../../../arm-none-eabi/lib/thumb/v7e-m+fp/hard\libc_nano.a(libc_a-stdio.o) (_read_r)
C:/built/gnu/bin/../lib/gcc/arm-none-eabi/15.2.1/../../../../arm-none-eabi/lib/thumb/v7e-m+fp/hard\libc_nano.a(libc_a-writer.o)
                              C:/built/gnu/bin/../lib/gcc/arm-none-eabi/15.2.1/../../../../arm-none-eabi/lib/thumb/v7e-m+fp/hard\libc_nano.a(libc_a-stdio.o) (_write_r)
C:/built/gnu/bin/../lib/gcc/arm-none-eabi/15.2.1/../../../../arm-none-eabi/lib/thumb/v7e-m+fp/hard\libc_nano.a(libc_a-errno.o)
                              build/sysmem.o (__errno)
C:/built/gnu/bin/../lib/gcc/arm-none-eabi/15.2.1/../../../../arm-none-eabi/lib/thumb/v7e-m+fp/hard\libc_nano.a(libc_a-init.o)
                              C:/built/gnu/bin/../lib/gcc/arm-none-eabi/15.2.1/../../../../arm-none-eabi/lib/thumb/v7e-m+fp/hard/crt0.o (__libc_init_array)
C:/built/gnu/bin/../lib/gcc/arm-none-eabi/15.2.1/../../../../arm-none-eabi/lib/thumb/v7e-m+fp/hard\libc_nano.a(libc_a-lock.o)
                              C:/built/gnu/bin/../lib/gcc/arm-none-eabi/15.2.1/../../../../arm-none-eabi/lib/thumb/v7e-m+fp/hard\libc_nano.a(libc_a-findfp.o) (__retarget_lock_init_recursive)
C:/built/gnu/bin/../lib/gcc/arm-none-eabi/15.2.1/../../../../arm-none-eabi/lib/thumb/v7e-m+fp/hard\libc_nano.a(libc_a-freer.o)
                              C:/built/gnu/bin/../lib/gcc/arm-none-eabi/15.2.1/../../../../arm-none-eabi/lib/thumb/v7e-m+fp/hard\libc_nano.a(libc_a-reent.o) (_free_r)
C:/built/gnu/bin/../lib/gcc/arm-none-eabi/15.2.1/../../../../arm-none-eabi/lib/thumb/v7e-m+fp/hard\libc_nano.a(libc_a-mallocr.o)
                              C:/built/gnu/bin/../lib/gcc/arm-none-eabi/15.2.1/../../../../arm-none-eabi/lib/thumb/v7e-m+fp/hard\libc_nano.a(libc_a-findfp.o) (_malloc_r)
C:/built/gnu/bin/../lib/gcc/arm-none-eabi/15.2.1/../../../../arm-none-eabi/lib/thumb/v7e-m+fp/hard\libc_nano.a(libc_a-mlock.o)
[...]
Memory Configuration

Name             Origin             Length             Attributes
RAM              0x20000000         0x00008000         xrw
CCMRAM           0x10000000         0x00002000         xrw
FLASH            0x08000000         0x00020000         xr
*default*        0x00000000         0xffffffff

Linker script and memory map

LOAD C:/built/gnu/bin/../lib/gcc/arm-none-eabi/15.2.1/thumb/v7e-m+fp/hard/crti.o
LOAD C:/built/gnu/bin/../lib/gcc/arm-none-eabi/15.2.1/thumb/v7e-m+fp/hard/crtbegin.o
LOAD C:/built/gnu/bin/../lib/gcc/arm-none-eabi/15.2.1/../../../../arm-none-eabi/lib/thumb/v7e-m+fp/hard/crt0.o
LOAD build/main.o
LOAD build/gpio.o
LOAD build/adc.o
LOAD build/stm32f3xx_it.o
LOAD build/stm32f3xx_hal_msp.o
LOAD build/system_stm32f3xx.o
LOAD build/usb_device.o
LOAD build/usbd_desc.o
LOAD build/usbd_conf.o
LOAD build/stm32f3xx_hal_pcd.o
LOAD build/stm32f3xx_hal_pcd_ex.o
LOAD build/stm32f3xx_ll_usb.o
LOAD build/stm32f3xx_hal.o
LOAD build/stm32f3xx_hal_rcc.o
LOAD build/stm32f3xx_hal_rcc_ex.o
LOAD build/stm32f3xx_hal_gpio.o
LOAD build/stm32f3xx_hal_dma.o
LOAD build/stm32f3xx_hal_cortex.o
LOAD build/stm32f3xx_hal_pwr.o
LOAD build/stm32f3xx_hal_pwr_ex.o
LOAD build/stm32f3xx_hal_flash.o
LOAD build/stm32f3xx_hal_flash_ex.o
LOAD build/stm32f3xx_hal_i2c.o
LOAD build/stm32f3xx_hal_i2c_ex.o
LOAD build/stm32f3xx_hal_exti.o
LOAD build/stm32f3xx_hal_adc.o
LOAD build/stm32f3xx_hal_adc_ex.o
LOAD build/usbd_core.o
LOAD build/usbd_ctlreq.o
LOAD build/usbd_ioreq.o
LOAD build/usbd_hid.o
LOAD build/sysmem.o
LOAD build/syscalls.o
LOAD build/startup_stm32f303xc.o
LOAD C:/built/gnu/bin/../lib/gcc/arm-none-eabi/15.2.1/../../../../arm-none-eabi/lib/thumb/v7e-m+fp/hard\libc_nano.a
LOAD C:/built/gnu/bin/../lib/gcc/arm-none-eabi/15.2.1/../../../../arm-none-eabi/lib/thumb/v7e-m+fp/hard\libm.a
LOAD C:/built/gnu/bin/../lib/gcc/arm-none-eabi/15.2.1/../../../../arm-none-eabi/lib/thumb/v7e-m+fp/hard\libnosys.a
START GROUP
LOAD C:/built/gnu/bin/../lib/gcc/arm-none-eabi/15.2.1/thumb/v7e-m+fp/hard\libgcc.a
LOAD C:/built/gnu/bin/../lib/gcc/arm-none-eabi/15.2.1/../../../../arm-none-eabi/lib/thumb/v7e-m+fp/hard\libc_nano.a
END GROUP
START GROUP
LOAD C:/built/gnu/bin/../lib/gcc/arm-none-eabi/15.2.1/thumb/v7e-m+fp/hard\libgcc.a
LOAD C:/built/gnu/bin/../lib/gcc/arm-none-eabi/15.2.1/../../../../arm-none-eabi/lib/thumb/v7e-m+fp/hard\libc_nano.a
END GROUP
LOAD C:/built/gnu/bin/../lib/gcc/arm-none-eabi/15.2.1/thumb/v7e-m+fp/hard/crtend.o
LOAD C:/built/gnu/bin/../lib/gcc/arm-none-eabi/15.2.1/thumb/v7e-m+fp/hard/crtn.o
                0x20008000                        _estack = (ORIGIN (RAM) + LENGTH (RAM))
                0x00000200                        _Min_Heap_Size = 0x200
                0x00000400                        _Min_Stack_Size = 0x400

.isr_vector     0x08000000      0x188
                0x08000000                        . = ALIGN (0x4)
 *(.isr_vector)
 .isr_vector    0x08000000      0x188 build/startup_stm32f303xc.o
                0x08000000                g_pfnVectors
                0x08000188                        . = ALIGN (0x4)

.text           0x08000188     0x5ca8
                0x08000188                        . = ALIGN (0x4)
 *(.text)
 *(.text*)
 .text.deregister_tm_clones
                0x08000188       0x1c C:/built/gnu/bin/../lib/gcc/arm-none-eabi/15.2.1/thumb/v7e-m+fp/hard/crtbegin.o
 .text.register_tm_clones
                0x080001a4       0x24 C:/built/gnu/bin/../lib/gcc/arm-none-eabi/15.2.1/thumb/v7e-m+fp/hard/crtbegin.o
 .text.__do_global_dtors_aux
                0x080001c8       0x28 C:/built/gnu/bin/../lib/gcc/arm-none-eabi/15.2.1/thumb/v7e-m+fp/hard/crtbegin.o
 .text.frame_dummy
                0x080001f0       0x24 C:/built/gnu/bin/../lib/gcc/arm-none-eabi/15.2.1/thumb/v7e-m+fp/hard/crtbegin.o
 .text.Save_Config
                0x08000214       0xe0 build/main.o
                0x08000214                Save_Config
 .text.Load_Config
                0x080002f4       0xa0 build/main.o
                0x080002f4                Load_Config
 .text.short_delay
                0x08000394       0x1a build/main.o
                0x08000394                short_delay
 *fill*         0x080003ae        0x2 
 .text.MUX1_Select
                0x080003b0       0x34 build/main.o
                0x080003b0                MUX1_Select
 .text.MUX2_Select
                0x080003e4       0x38 build/main.o
                0x080003e4                MUX2_Select
 .text.scan_all_keys_fast
                0x0800041c       0xd0 build/main.o
                0x0800041c                scan_all_keys_fast
 .text.Setup_Keys
                0x080004ec       0x9c build/main.o
                0x080004ec                Setup_Keys
 .text.Process_Rapid_Trigger
                0x08000588      0x190 build/main.o
                0x08000588                Process_Rapid_Trigger
 .text.Send_Reports
                0x08000718      0x2b8 build/main.o
                0x08000718                Send_Reports
 .text.WebHID_DataReceived_Callback
                0x080009d0      0x378 build/main.o
                0x080009d0                WebHID_DataReceived_Callback
 .text.Error_Handler
                0x08000d48        0x4 build/main.o
                0x08000d48                Error_Handler
 .text.SystemClock_Config
                0x08000d4c       0x90 build/main.o
                0x08000d4c                SystemClock_Config
 .text.main     0x08000ddc       0xfc build/main.o
                0x08000ddc                main
 .text.MX_GPIO_Init
                0x08000ed8       0xf8 build/gpio.o
                0x08000ed8                MX_GPIO_Init
 .text.MX_ADC2_Init
                0x08000fd0       0x74 build/adc.o
                0x08000fd0                MX_ADC2_Init
 .text.MX_ADC3_Init
                0x08001044       0x90 build/adc.o
                0x08001044                MX_ADC3_Init
 .text.MX_ADC4_Init
                0x080010d4       0x74 build/adc.o
                0x080010d4                MX_ADC4_Init
 .text.HAL_ADC_MspInit
                0x08001148      0x110 build/adc.o
                0x08001148                HAL_ADC_MspInit
 .text.NMI_Handler
                0x08001258        0x2 build/stm32f3xx_it.o
                0x08001258                NMI_Handler
 .text.HardFault_Handler
                0x0800125a        0x2 build/stm32f3xx_it.o
                0x0800125a                HardFault_Handler
 .text.MemManage_Handler
                0x0800125c        0x2 build/stm32f3xx_it.o
                0x0800125c                MemManage_Handler
 .text.BusFault_Handler
                0x0800125e        0x2 build/stm32f3xx_it.o
                0x0800125e                BusFault_Handler
 .text.UsageFault_Handler
                0x08001260        0x2 build/stm32f3xx_it.o
                0x08001260                UsageFault_Handler
 .text.SVC_Handler
                0x08001262        0x2 build/stm32f3xx_it.o
                0x08001262                SVC_Handler
 .text.DebugMon_Handler
                0x08001264        0x2 build/stm32f3xx_it.o
                0x08001264                DebugMon_Handler
 .text.PendSV_Handler
                0x08001266        0x2 build/stm32f3xx_it.o
                0x08001266                PendSV_Handler
 .text.SysTick_Handler
                0x08001268        0x8 build/stm32f3xx_it.o
                0x08001268                SysTick_Handler
 .text.USB_LP_CAN_RX0_IRQHandler
                0x08001270       0x10 build/stm32f3xx_it.o
                0x08001270                USB_LP_CAN_RX0_IRQHandler
 .text.HAL_MspInit
                0x08001280       0x30 build/stm32f3xx_hal_msp.o
                0x08001280                HAL_MspInit
 .text.SystemInit
                0x080012b0       0x14 build/system_stm32f3xx.o
                0x080012b0                SystemInit
 .text.MX_USB_DEVICE_Init
                0x080012c4       0x40 build/usb_device.o
                0x080012c4                MX_USB_DEVICE_Init
 .text.USBD_FS_DeviceDescriptor
                0x08001304       0x4c build/usbd_desc.o
                0x08001304                USBD_FS_DeviceDescriptor
 .text.USBD_FS_LangIDStrDescriptor
                0x08001350        0xc build/usbd_desc.o
                0x08001350                USBD_FS_LangIDStrDescriptor
 .text.IntToUnicode
                0x0800135c       0x44 build/usbd_desc.o
 .text.Get_SerialNum
                0x080013a0       0x38 build/usbd_desc.o
 .text.USBD_FS_SerialStrDescriptor
                0x080013d8       0x14 build/usbd_desc.o
                0x080013d8                USBD_FS_SerialStrDescriptor
 .text.USBD_FS_ProductStrDescriptor
                0x080013ec       0x1c build/usbd_desc.o
                0x080013ec                USBD_FS_ProductStrDescriptor
 .text.USBD_FS_ManufacturerStrDescriptor
                0x08001408       0x1c build/usbd_desc.o
                0x08001408                USBD_FS_ManufacturerStrDescriptor
 .text.USBD_FS_ConfigStrDescriptor
                0x08001424       0x1c build/usbd_desc.o
                0x08001424                USBD_FS_ConfigStrDescriptor
 .text.USBD_FS_InterfaceStrDescriptor
                0x08001440       0x1c build/usbd_desc.o
                0x08001440                USBD_FS_InterfaceStrDescriptor
 .text.HAL_PCD_MspInit
                0x0800145c       0x78 build/usbd_conf.o
                0x0800145c                HAL_PCD_MspInit
 .text.HAL_PCD_SetupStageCallback
                0x080014d4       0x10 build/usbd_conf.o
                0x080014d4                HAL_PCD_SetupStageCallback
 .text.HAL_PCD_DataOutStageCallback
                0x080014e4       0x18 build/usbd_conf.o
                0x080014e4                HAL_PCD_DataOutStageCallback
 .text.HAL_PCD_DataInStageCallback
                0x080014fc       0x16 build/usbd_conf.o
                0x080014fc                HAL_PCD_DataInStageCallback
 .text.HAL_PCD_SOFCallback
                0x08001512        0xc build/usbd_conf.o
                0x08001512                HAL_PCD_SOFCallback
 .text.HAL_PCD_ResetCallback
                0x0800151e       0x18 build/usbd_conf.o
                0x0800151e                HAL_PCD_ResetCallback
 .text.HAL_PCD_SuspendCallback
                0x08001536        0xc build/usbd_conf.o
                0x08001536                HAL_PCD_SuspendCallback
 .text.HAL_PCD_ResumeCallback
                0x08001542        0xc build/usbd_conf.o
                0x08001542                HAL_PCD_ResumeCallback
 *fill*         0x0800154e        0x2 
 .text.USBD_LL_Init
                0x08001550       0x78 build/usbd_conf.o
                0x08001550                USBD_LL_Init
 .text.USBD_LL_IsStallEP
                0x080015c8       0x2c build/usbd_conf.o
                0x080015c8                USBD_LL_IsStallEP
 .text.USBD_static_malloc
                0x080015f4        0x8 build/usbd_conf.o
                0x080015f4                USBD_static_malloc
 .text.USBD_static_free
                0x080015fc        0x2 build/usbd_conf.o
                0x080015fc                USBD_static_free
 .text.USBD_Get_USB_Status
                0x080015fe       0x16 build/usbd_conf.o
                0x080015fe                USBD_Get_USB_Status
 .text.USBD_LL_Start
                0x08001614       0x10 build/usbd_conf.o
                0x08001614                USBD_LL_Start
 .text.USBD_LL_OpenEP
                0x08001624       0x16 build/usbd_conf.o
                0x08001624                USBD_LL_OpenEP
 .text.USBD_LL_CloseEP
                0x0800163a       0x10 build/usbd_conf.o
                0x0800163a                USBD_LL_CloseEP
 .text.USBD_LL_StallEP
                0x0800164a       0x10 build/usbd_conf.o
                0x0800164a                USBD_LL_StallEP
 .text.USBD_LL_ClearStallEP
                0x0800165a       0x10 build/usbd_conf.o
                0x0800165a                USBD_LL_ClearStallEP
 .text.USBD_LL_SetUSBAddress
                0x0800166a       0x10 build/usbd_conf.o
                0x0800166a                USBD_LL_SetUSBAddress
 .text.USBD_LL_Transmit
                0x0800167a       0x10 build/usbd_conf.o
                0x0800167a                USBD_LL_Transmit
 .text.USBD_LL_PrepareReceive
                0x0800168a       0x10 build/usbd_conf.o
                0x0800168a                USBD_LL_PrepareReceive
 .text.HAL_PCD_EP_DB_Receive
                0x0800169a      0x126 build/stm32f3xx_hal_pcd.o
 .text.HAL_PCD_Init
                0x080017c0       0xa4 build/stm32f3xx_hal_pcd.o
                0x080017c0                HAL_PCD_Init
 .text.HAL_PCD_Start
                0x08001864       0x34 build/stm32f3xx_hal_pcd.o
                0x08001864                HAL_PCD_Start
 .text.HAL_PCD_EP_DB_Transmit
                0x08001898      0x420 build/stm32f3xx_hal_pcd.o
 .text.PCD_EP_ISR_Handler
                0x08001cb8      0x55c build/stm32f3xx_hal_pcd.o
 .text.HAL_PCD_SetAddress
                0x08002214       0x26 build/stm32f3xx_hal_pcd.o
                0x08002214                HAL_PCD_SetAddress
 .text.HAL_PCD_IRQHandler
                0x0800223a      0x132 build/stm32f3xx_hal_pcd.o
                0x0800223a                HAL_PCD_IRQHandler
 .text.HAL_PCD_EP_Open
                0x0800236c       0x84 build/stm32f3xx_hal_pcd.o
                0x0800236c                HAL_PCD_EP_Open
 .text.HAL_PCD_EP_Close
                0x080023f0       0x6c build/stm32f3xx_hal_pcd.o
                0x080023f0                HAL_PCD_EP_Close
 .text.HAL_PCD_EP_Receive
                0x0800245c       0x3a build/stm32f3xx_hal_pcd.o
                0x0800245c                HAL_PCD_EP_Receive
 .text.HAL_PCD_EP_Transmit
                0x08002496       0x4c build/stm32f3xx_hal_pcd.o
                0x08002496                HAL_PCD_EP_Transmit
 .text.HAL_PCD_EP_SetStall
                0x080024e2       0x72 build/stm32f3xx_hal_pcd.o
                0x080024e2                HAL_PCD_EP_SetStall
 .text.HAL_PCD_EP_ClrStall
                0x08002554       0x7e build/stm32f3xx_hal_pcd.o
                0x08002554                HAL_PCD_EP_ClrStall
 .text.HAL_PCDEx_PMAConfig
                0x080025d2       0x38 build/stm32f3xx_hal_pcd_ex.o
                0x080025d2                HAL_PCDEx_PMAConfig
 .text.HAL_PCDEx_SetConnectionState
                0x0800260a        0x2 build/stm32f3xx_hal_pcd_ex.o
                0x0800260a                HAL_PCDEx_SetConnectionState
 .text.USB_EnableGlobalInt
                0x0800260c       0x12 build/stm32f3xx_ll_usb.o
                0x0800260c                USB_EnableGlobalInt
 .text.USB_DisableGlobalInt
                0x0800261e       0x16 build/stm32f3xx_ll_usb.o
                0x0800261e                USB_DisableGlobalInt
 .text.USB_DevInit
                0x08002634       0x22 build/stm32f3xx_ll_usb.o
                0x08002634                USB_DevInit
 .text.USB_ActivateEndpoint
                0x08002656      0x3fc build/stm32f3xx_ll_usb.o
                0x08002656                USB_ActivateEndpoint
 .text.USB_DeactivateEndpoint
                0x08002a52      0x1d6 build/stm32f3xx_ll_usb.o
                0x08002a52                USB_DeactivateEndpoint
 .text.USB_EPSetStall
                0x08002c28       0x4a build/stm32f3xx_ll_usb.o
                0x08002c28                USB_EPSetStall
 .text.USB_EPClearStall
                0x08002c72       0xa2 build/stm32f3xx_ll_usb.o
                0x08002c72                USB_EPClearStall
 .text.USB_SetDevAddress
                0x08002d14        0xc build/stm32f3xx_ll_usb.o
                0x08002d14                USB_SetDevAddress
 .text.USB_DevConnect
                0x08002d20        0x4 build/stm32f3xx_ll_usb.o
                0x08002d20                USB_DevConnect
 .text.USB_ReadInterrupts
                0x08002d24        0x8 build/stm32f3xx_ll_usb.o
                0x08002d24                USB_ReadInterrupts
 .text.USB_WritePMA
                0x08002d2c       0x26 build/stm32f3xx_ll_usb.o
                0x08002d2c                USB_WritePMA
 .text.USB_EPStartXfer
                0x08002d52      0x7e0 build/stm32f3xx_ll_usb.o
                0x08002d52                USB_EPStartXfer
 .text.USB_ReadPMA
                0x08003532       0x2e build/stm32f3xx_ll_usb.o
                0x08003532                USB_ReadPMA
 .text.HAL_InitTick
                0x08003560       0x4c build/stm32f3xx_hal.o
                0x08003560                HAL_InitTick
 .text.HAL_Init
                0x080035ac       0x24 build/stm32f3xx_hal.o
                0x080035ac                HAL_Init
 .text.HAL_IncTick
                0x080035d0       0x18 build/stm32f3xx_hal.o
                0x080035d0                HAL_IncTick
 .text.HAL_GetTick
                0x080035e8        0xc build/stm32f3xx_hal.o
                0x080035e8                HAL_GetTick
 .text.HAL_Delay
                0x080035f4       0x28 build/stm32f3xx_hal.o
                0x080035f4                HAL_Delay
 .text.HAL_RCC_OscConfig
                0x0800361c      0x634 build/stm32f3xx_hal_rcc.o
                0x0800361c                HAL_RCC_OscConfig
 .text.HAL_RCC_GetSysClockFreq
                0x08003c50       0x60 build/stm32f3xx_hal_rcc.o
                0x08003c50                HAL_RCC_GetSysClockFreq
 .text.HAL_RCC_ClockConfig
                0x08003cb0      0x1a8 build/stm32f3xx_hal_rcc.o
                0x08003cb0                HAL_RCC_ClockConfig
 .text.HAL_RCCEx_PeriphCLKConfig
                0x08003e58      0x264 build/stm32f3xx_hal_rcc_ex.o
                0x08003e58                HAL_RCCEx_PeriphCLKConfig
 .text.HAL_GPIO_Init
                0x080040bc      0x1c8 build/stm32f3xx_hal_gpio.o
                0x080040bc                HAL_GPIO_Init
 .text.HAL_GPIO_WritePin
                0x08004284        0xa build/stm32f3xx_hal_gpio.o
                0x08004284                HAL_GPIO_WritePin
 *fill*         0x0800428e        0x2 
 .text.__NVIC_SetPriority
                0x08004290       0x28 build/stm32f3xx_hal_cortex.o
 .text.NVIC_EncodePriority
                0x080042b8       0x46 build/stm32f3xx_hal_cortex.o
 *fill*         0x080042fe        0x2 
 .text.HAL_NVIC_SetPriorityGrouping
                0x08004300       0x24 build/stm32f3xx_hal_cortex.o
                0x08004300                HAL_NVIC_SetPriorityGrouping
 .text.HAL_NVIC_SetPriority
                0x08004324       0x20 build/stm32f3xx_hal_cortex.o
                0x08004324                HAL_NVIC_SetPriority
 .text.HAL_NVIC_EnableIRQ
                0x08004344       0x1c build/stm32f3xx_hal_cortex.o
                0x08004344                HAL_NVIC_EnableIRQ
 .text.HAL_SYSTICK_Config
                0x08004360       0x28 build/stm32f3xx_hal_cortex.o
                0x08004360                HAL_SYSTICK_Config
 .text.FLASH_Program_HalfWord
                0x08004388       0x1c build/stm32f3xx_hal_flash.o
 .text.FLASH_SetErrorCode
                0x080043a4       0x3c build/stm32f3xx_hal_flash.o
 .text.HAL_FLASH_Unlock
                0x080043e0       0x34 build/stm32f3xx_hal_flash.o
                0x080043e0                HAL_FLASH_Unlock
 .text.HAL_FLASH_Lock
                0x08004414       0x14 build/stm32f3xx_hal_flash.o
                0x08004414                HAL_FLASH_Lock
 .text.FLASH_WaitForLastOperation
                0x08004428       0x60 build/stm32f3xx_hal_flash.o
                0x08004428                FLASH_WaitForLastOperation
 .text.HAL_FLASH_Program
                0x08004488       0xa0 build/stm32f3xx_hal_flash.o
                0x08004488                HAL_FLASH_Program
 .text.FLASH_MassErase
                0x08004528       0x24 build/stm32f3xx_hal_flash_ex.o
 .text.FLASH_PageErase
                0x0800454c       0x24 build/stm32f3xx_hal_flash_ex.o
                0x0800454c                FLASH_PageErase
 .text.HAL_FLASHEx_Erase
                0x08004570       0xa4 build/stm32f3xx_hal_flash_ex.o
                0x08004570                HAL_FLASHEx_Erase
 .text.ADC_Disable
                0x08004614       0x88 build/stm32f3xx_hal_adc_ex.o
 .text.ADC_Enable
                0x0800469c       0x80 build/stm32f3xx_hal_adc_ex.o
 .text.HAL_ADC_Init
                0x0800471c      0x2a0 build/stm32f3xx_hal_adc_ex.o
                0x0800471c                HAL_ADC_Init
 .text.HAL_ADC_Start
                0x080049bc      0x180 build/stm32f3xx_hal_adc_ex.o
                0x080049bc                HAL_ADC_Start
 .text.HAL_ADC_PollForConversion
                0x08004b3c      0x164 build/stm32f3xx_hal_adc_ex.o
                0x08004b3c                HAL_ADC_PollForConversion
 .text.HAL_ADC_GetValue
                0x08004ca0        0x6 build/stm32f3xx_hal_adc_ex.o
                0x08004ca0                HAL_ADC_GetValue
 *fill*         0x08004ca6        0x2 
 .text.HAL_ADC_ConfigChannel
                0x08004ca8      0x440 build/stm32f3xx_hal_adc_ex.o
                0x08004ca8                HAL_ADC_ConfigChannel
 .text.HAL_ADCEx_MultiModeConfigChannel
                0x080050e8      0x17c build/stm32f3xx_hal_adc_ex.o
                0x080050e8                HAL_ADCEx_MultiModeConfigChannel
 .text.USBD_Init
                0x08005264       0x2e build/usbd_core.o
                0x08005264                USBD_Init
 .text.USBD_RegisterClass
                0x08005292        0xe build/usbd_core.o
                0x08005292                USBD_RegisterClass
 .text.USBD_Start
                0x080052a0        0xa build/usbd_core.o
                0x080052a0                USBD_Start
 .text.USBD_SetClassConfig
                0x080052aa       0x18 build/usbd_core.o
                0x080052aa                USBD_SetClassConfig
 .text.USBD_ClrClassConfig
                0x080052c2        0xe build/usbd_core.o
                0x080052c2                USBD_ClrClassConfig
 .text.USBD_LL_SetupStage
                0x080052d0       0x5a build/usbd_core.o
                0x080052d0                USBD_LL_SetupStage
 .text.USBD_LL_DataOutStage
                0x0800532a       0x8c build/usbd_core.o
                0x0800532a                USBD_LL_DataOutStage
 .text.USBD_LL_DataInStage
                0x080053b6       0xd0 build/usbd_core.o
                0x080053b6                USBD_LL_DataInStage
 .text.USBD_LL_Reset
                0x08005486       0x50 build/usbd_core.o
                0x08005486                USBD_LL_Reset
 .text.USBD_LL_SetSpeed
                0x080054d6        0x6 build/usbd_core.o
                0x080054d6                USBD_LL_SetSpeed
 .text.USBD_LL_Suspend
                0x080054dc       0x12 build/usbd_core.o
                0x080054dc                USBD_LL_Suspend
 .text.USBD_LL_Resume
                0x080054ee       0x16 build/usbd_core.o
                0x080054ee                USBD_LL_Resume
 .text.USBD_LL_SOF
                0x08005504       0x1c build/usbd_core.o
                0x08005504                USBD_LL_SOF
 .text.USBD_GetLen
                0x08005520       0x14 build/usbd_ctlreq.o
 .text.USBD_SetFeature
                0x08005534       0x14 build/usbd_ctlreq.o
 .text.USBD_ParseSetupRequest
                0x08005548       0x28 build/usbd_ctlreq.o
                0x08005548                USBD_ParseSetupRequest
 .text.USBD_CtlError
                0x08005570       0x14 build/usbd_ctlreq.o
                0x08005570                USBD_CtlError
 .text.USBD_GetDescriptor
                0x08005584      0x192 build/usbd_ctlreq.o
 .text.USBD_SetAddress
                0x08005716       0x52 build/usbd_ctlreq.o
 .text.USBD_SetConfig
                0x08005768       0xc8 build/usbd_ctlreq.o
 .text.USBD_GetConfig
                0x08005830       0x3e build/usbd_ctlreq.o
 .text.USBD_GetStatus
                0x0800586e       0x38 build/usbd_ctlreq.o
 .text.USBD_ClrFeature
                0x080058a6       0x26 build/usbd_ctlreq.o
 .text.USBD_StdDevReq
                0x080058cc       0x72 build/usbd_ctlreq.o
                0x080058cc                USBD_StdDevReq
 .text.USBD_StdItfReq
                0x0800593e       0x60 build/usbd_ctlreq.o
                0x0800593e                USBD_StdItfReq
 .text.USBD_StdEPReq
                0x0800599e      0x1f0 build/usbd_ctlreq.o
                0x0800599e                USBD_StdEPReq
 .text.USBD_GetString
                0x08005b8e       0x3a build/usbd_ctlreq.o
                0x08005b8e                USBD_GetString
 .text.USBD_CtlSendData
                0x08005bc8       0x1a build/usbd_ioreq.o
                0x08005bc8                USBD_CtlSendData
 .text.USBD_CtlContinueSendData
                0x08005be2       0x10 build/usbd_ioreq.o
                0x08005be2                USBD_CtlContinueSendData
 .text.USBD_CtlContinueRx
                0x08005bf2       0x10 build/usbd_ioreq.o
                0x08005bf2                USBD_CtlContinueRx
 .text.USBD_CtlSendStatus
                0x08005c02       0x16 build/usbd_ioreq.o
                0x08005c02                USBD_CtlSendStatus
 .text.USBD_CtlReceiveStatus
                0x08005c18       0x16 build/usbd_ioreq.o
                0x08005c18                USBD_CtlReceiveStatus
 *fill*         0x08005c2e        0x2 
 .text.USBD_HID_GetCfgDesc
                0x08005c30       0x24 build/usbd_hid.o
 .text.USBD_HID_DataIn
                0x08005c54        0x4 build/usbd_hid.o
 .text.USBD_HID_DataOut
                0x08005c58       0x28 build/usbd_hid.o
 .text.USBD_HID_Setup
                0x08005c80       0x3c build/usbd_hid.o
 .text.USBD_HID_DeInit
                0x08005cbc       0x20 build/usbd_hid.o
 .text.USBD_HID_Init
                0x08005cdc       0x54 build/usbd_hid.o
 .text.USBD_HID_SendReport
                0x08005d30        0xe build/usbd_hid.o
                0x08005d30                USBD_HID_SendReport
 .text.USBD_WebHID_SendReport
                0x08005d3e        0xe build/usbd_hid.o
                0x08005d3e                USBD_WebHID_SendReport
 .text.Reset_Handler
                0x08005d4c       0x50 build/startup_stm32f303xc.o
                0x08005d4c                Reset_Handler
 .text.Default_Handler
                0x08005d9c        0x2 build/startup_stm32f303xc.o
                0x08005d9c                RTC_Alarm_IRQHandler
                0x08005d9c                TIM8_TRG_COM_IRQHandler
                0x08005d9c                TIM8_CC_IRQHandler
                0x08005d9c                TIM1_CC_IRQHandler
                0x08005d9c                USB_HP_IRQHandler
                0x08005d9c                PVD_IRQHandler
                0x08005d9c                TAMP_STAMP_IRQHandler
                0x08005d9c                EXTI3_IRQHandler
                0x08005d9c                USB_HP_CAN_TX_IRQHandler
                0x08005d9c                EXTI0_IRQHandler
                0x08005d9c                I2C2_EV_IRQHandler
                0x08005d9c                FPU_IRQHandler
                0x08005d9c                TIM1_UP_TIM16_IRQHandler
                0x08005d9c                ADC1_2_IRQHandler
                0x08005d9c                SPI1_IRQHandler
                0x08005d9c                CAN_SCE_IRQHandler
                0x08005d9c                TIM6_DAC_IRQHandler
                0x08005d9c                TIM8_UP_IRQHandler
                0x08005d9c                DMA2_Channel2_IRQHandler
                0x08005d9c                DMA1_Channel4_IRQHandler
                0x08005d9c                USART3_IRQHandler
                0x08005d9c                DMA1_Channel7_IRQHandler
                0x08005d9c                UART5_IRQHandler
                0x08005d9c                ADC3_IRQHandler
                0x08005d9c                TIM4_IRQHandler
                0x08005d9c                CAN_RX1_IRQHandler
                0x08005d9c                DMA2_Channel1_IRQHandler
                0x08005d9c                I2C1_EV_IRQHandler
                0x08005d9c                DMA1_Channel6_IRQHandler
                0x08005d9c                UART4_IRQHandler
                0x08005d9c                DMA2_Channel4_IRQHandler
                0x08005d9c                TIM3_IRQHandler
                0x08005d9c                RCC_IRQHandler
                0x08005d9c                DMA1_Channel1_IRQHandler
                0x08005d9c                Default_Handler
                0x08005d9c                USBWakeUp_RMP_IRQHandler
                0x08005d9c                EXTI15_10_IRQHandler
                0x08005d9c                TIM7_IRQHandler
                0x08005d9c                EXTI9_5_IRQHandler
                0x08005d9c                RTC_WKUP_IRQHandler
                0x08005d9c                SPI2_IRQHandler
                0x08005d9c                DMA2_Channel5_IRQHandler
                0x08005d9c                DMA1_Channel5_IRQHandler
                0x08005d9c                USB_LP_IRQHandler
                0x08005d9c                EXTI4_IRQHandler
                0x08005d9c                TIM1_TRG_COM_TIM17_IRQHandler
                0x08005d9c                DMA1_Channel3_IRQHandler
                0x08005d9c                ADC4_IRQHandler
                0x08005d9c                WWDG_IRQHandler
                0x08005d9c                TIM2_IRQHandler
                0x08005d9c                COMP7_IRQHandler
                0x08005d9c                COMP1_2_3_IRQHandler
                0x08005d9c                EXTI1_IRQHandler
                0x08005d9c                USART2_IRQHandler
                0x08005d9c                COMP4_5_6_IRQHandler
                0x08005d9c                I2C2_ER_IRQHandler
                0x08005d9c                DMA1_Channel2_IRQHandler
                0x08005d9c                TIM8_BRK_IRQHandler
                0x08005d9c                FLASH_IRQHandler
                0x08005d9c                USART1_IRQHandler
                0x08005d9c                SPI3_IRQHandler
                0x08005d9c                I2C1_ER_IRQHandler
                0x08005d9c                USBWakeUp_IRQHandler
                0x08005d9c                DMA2_Channel3_IRQHandler
                0x08005d9c                EXTI2_TSC_IRQHandler
                0x08005d9c                TIM1_BRK_TIM15_IRQHandler
 .text.memcmp   0x08005d9e       0x20 C:/built/gnu/bin/../lib/gcc/arm-none-eabi/15.2.1/../../../../arm-none-eabi/lib/thumb/v7e-m+fp/hard\libc_nano.a(libc_a-memcmp.o)
                0x08005d9e                memcmp
 .text.memset   0x08005dbe       0x10 C:/built/gnu/bin/../lib/gcc/arm-none-eabi/15.2.1/../../../../arm-none-eabi/lib/thumb/v7e-m+fp/hard\libc_nano.a(libc_a-memset.o)
                0x08005dbe                memset
 *fill*         0x08005dce        0x2 
 .text.__libc_init_array
                0x08005dd0       0x48 C:/built/gnu/bin/../lib/gcc/arm-none-eabi/15.2.1/../../../../arm-none-eabi/lib/thumb/v7e-m+fp/hard\libc_nano.a(libc_a-init.o)
                0x08005dd0                __libc_init_array
 *(.glue_7)
 .glue_7        0x08005e18        0x0 linker stubs
 *(.glue_7t)
 .glue_7t       0x08005e18        0x0 linker stubs
 *(.eh_frame)
 .eh_frame      0x08005e18        0x0 C:/built/gnu/bin/../lib/gcc/arm-none-eabi/15.2.1/thumb/v7e-m+fp/hard/crtbegin.o
 *(.init)
 .init          0x08005e18        0x4 C:/built/gnu/bin/../lib/gcc/arm-none-eabi/15.2.1/thumb/v7e-m+fp/hard/crti.o
                0x08005e18                _init
 .init          0x08005e1c        0x8 C:/built/gnu/bin/../lib/gcc/arm-none-eabi/15.2.1/thumb/v7e-m+fp/hard/crtn.o
 *(.fini)
 .fini          0x08005e24        0x4 C:/built/gnu/bin/../lib/gcc/arm-none-eabi/15.2.1/thumb/v7e-m+fp/hard/crti.o
                0x08005e24                _fini
 .fini          0x08005e28        0x8 C:/built/gnu/bin/../lib/gcc/arm-none-eabi/15.2.1/thumb/v7e-m+fp/hard/crtn.o
                0x08005e30                        . = ALIGN (0x4)
                0x08005e30                        _etext = .

.vfp11_veneer   0x08005e30        0x0
 .vfp11_veneer  0x08005e30        0x0 linker stubs

.v4_bx          0x08005e30        0x0
 .v4_bx         0x08005e30        0x0 linker stubs

.iplt           0x08005e30        0x0
 .iplt          0x08005e30        0x0 C:/built/gnu/bin/../lib/gcc/arm-none-eabi/15.2.1/thumb/v7e-m+fp/hard/crtbegin.o

.rodata         0x08005e30       0x78
                0x08005e30                        . = ALIGN (0x4)
 *(.rodata)
 *(.rodata*)
 .rodata.AHBPrescTable
                0x08005e30       0x10 build/system_stm32f3xx.o
                0x08005e30                AHBPrescTable
 .rodata.USBD_FS_ProductStrDescriptor.str1.4
                0x08005e40       0x45 build/usbd_desc.o
                                 0x13 (size before relaxing)
 .rodata.USBD_FS_ManufacturerStrDescriptor.str1.4
                0x08005e85        0x0 build/usbd_desc.o
                                 0x10 (size before relaxing)
 .rodata.USBD_FS_ConfigStrDescriptor.str1.4
                0x08005e85        0x0 build/usbd_desc.o
                                  0xf (size before relaxing)
 .rodata.USBD_FS_InterfaceStrDescriptor.str1.4
                0x08005e85        0x0 build/usbd_desc.o
                                 0x11 (size before relaxing)
 *fill*         0x08005e85        0x3 
 .rodata.aPredivFactorTable
                0x08005e88       0x10 build/stm32f3xx_hal_rcc.o
 .rodata.aPLLMULFactorTable
                0x08005e98       0x10 build/stm32f3xx_hal_rcc.o
                0x08005ea8                        . = ALIGN (0x4)

.ARM.extab      0x08005ea8        0x0
                0x08005ea8                        . = ALIGN (0x4)
 *(.ARM.extab* .gnu.linkonce.armextab.*)
                0x08005ea8                        . = ALIGN (0x4)

.ARM            0x08005ea8        0x0
                0x08005ea8                        . = ALIGN (0x4)
                0x08005ea8                        __exidx_start = .
 *(.ARM.exidx*)
                0x08005ea8                        __exidx_end = .
                0x08005ea8                        . = ALIGN (0x4)

.preinit_array  0x08005ea8        0x0
                0x08005ea8                        . = ALIGN (0x4)
                0x08005ea8                        PROVIDE (__preinit_array_start = .)
 *(.preinit_array*)
                0x08005ea8                        PROVIDE (__preinit_array_end = .)
                0x08005ea8                        . = ALIGN (0x4)

.init_array     0x08005ea8        0x4
                0x08005ea8                        . = ALIGN (0x4)
                0x08005ea8                        PROVIDE (__init_array_start = .)
 *(SORT_BY_NAME(.init_array.*))
 *(.init_array*)
 .init_array    0x08005ea8        0x4 C:/built/gnu/bin/../lib/gcc/arm-none-eabi/15.2.1/thumb/v7e-m+fp/hard/crtbegin.o
                0x08005eac                        PROVIDE (__init_array_end = .)
                0x08005eac                        . = ALIGN (0x4)

.fini_array     0x08005eac        0x4
                0x08005eac                        . = ALIGN (0x4)
                [!provide]                        PROVIDE (__fini_array_start = .)
 *(SORT_BY_NAME(.fini_array.*))
 *(.fini_array*)
 .fini_array    0x08005eac        0x4 C:/built/gnu/bin/../lib/gcc/arm-none-eabi/15.2.1/thumb/v7e-m+fp/hard/crtbegin.o
                [!provide]                        PROVIDE (__fini_array_end = .)
                0x08005eb0                        . = ALIGN (0x4)
                0x08005eb0                        _sidata = LOADADDR (.data)

.rel.dyn        0x08005eb0        0x0
 .rel.iplt      0x08005eb0        0x0 C:/built/gnu/bin/../lib/gcc/arm-none-eabi/15.2.1/thumb/v7e-m+fp/hard/crtbegin.o

.data           0x20000000      0x12c load address 0x08005eb0
                0x20000000                        . = ALIGN (0x4)
                0x20000000                        _sdata = .
 *(.data)
 *(.data*)
 .data.g_input_enabled
                0x20000000        0x1 build/main.o
                0x20000000                g_input_enabled
 *fill*         0x20000001        0x3 
 .data.key_map  0x20000004       0x14 build/main.o
                0x20000004                key_map
 .data.SystemCoreClock
                0x20000018        0x4 build/system_stm32f3xx.o
                0x20000018                SystemCoreClock
 .data.USBD_StringSerial
                0x2000001c       0x1a build/usbd_desc.o
                0x2000001c                USBD_StringSerial
 *fill*         0x20000036        0x2 
 .data.USBD_LangIDDesc
                0x20000038        0x4 build/usbd_desc.o
                0x20000038                USBD_LangIDDesc
 .data.USBD_FS_DeviceDesc
                0x2000003c       0x12 build/usbd_desc.o
                0x2000003c                USBD_FS_DeviceDesc
 *fill*         0x2000004e        0x2 
 .data.FS_Desc  0x20000050       0x1c build/usbd_desc.o
                0x20000050                FS_Desc
 .data.uwTickFreq
                0x2000006c        0x1 build/stm32f3xx_hal.o
                0x2000006c                uwTickFreq
 *fill*         0x2000006d        0x3 
 .data.uwTickPrio
                0x20000070        0x4 build/stm32f3xx_hal.o
                0x20000070                uwTickPrio
 .data.USBD_HID_CfgDesc_Xbox
                0x20000074       0x30 build/usbd_hid.o
 .data.USBD_HID_CfgDesc_Web
                0x200000a4       0x29 build/usbd_hid.o
 *fill*         0x200000cd        0x3 
 .data.HID_ReportDesc_Config
                0x200000d0       0x22 build/usbd_hid.o
 *fill*         0x200000f2        0x2 
 .data.USBD_HID
                0x200000f4       0x38 build/usbd_hid.o
                0x200000f4                USBD_HID
 *(.RamFunc)
 *(.RamFunc*)
                0x2000012c                        . = ALIGN (0x4)
                0x2000012c                        _edata = .
                0x08005fdc                        _siccmram = LOADADDR (.ccmram)

.tm_clone_table
                0x2000012c        0x0 load address 0x08005fdc
 .tm_clone_table
                0x2000012c        0x0 C:/built/gnu/bin/../lib/gcc/arm-none-eabi/15.2.1/thumb/v7e-m+fp/hard/crtbegin.o
 .tm_clone_table
                0x2000012c        0x0 C:/built/gnu/bin/../lib/gcc/arm-none-eabi/15.2.1/thumb/v7e-m+fp/hard/crtend.o

.igot.plt       0x2000012c        0x0 load address 0x08005fdc
 .igot.plt      0x2000012c        0x0 C:/built/gnu/bin/../lib/gcc/arm-none-eabi/15.2.1/thumb/v7e-m+fp/hard/crtbegin.o

.ccmram         0x10000000        0x0 load address 0x08005fdc
                0x10000000                        . = ALIGN (0x4)
                0x10000000                        _sccmram = .
 *(.ccmram)
 *(.ccmram*)
                0x10000000                        . = ALIGN (0x4)
                0x10000000                        _eccmram = .
                0x10000000                        . = ALIGN (0x4)

.bss            0x20000130      0xd14
                0x20000130                        _sbss = .
                0x20000130                        __bss_start__ = _sbss
 *(.bss)
 *(.bss*)
 .bss.completed.1
                0x20000130        0x1 C:/built/gnu/bin/../lib/gcc/arm-none-eabi/15.2.1/thumb/v7e-m+fp/hard/crtbegin.o
 *fill*         0x20000131        0x3 
 .bss.object.0  0x20000134       0x18 C:/built/gnu/bin/../lib/gcc/arm-none-eabi/15.2.1/thumb/v7e-m+fp/hard/crtbegin.o
 .bss.tx.0      0x2000014c       0x40 build/main.o
 .bss.tx.1      0x2000018c       0x40 build/main.o
 .bss.tx.2      0x200001cc       0x40 build/main.o
 .bss.prev_report.3
                0x2000020c       0x14 build/main.o
 .bss.key_states
                0x20000220      0x2d0 build/main.o
                0x20000220                key_states
 .bss.adc_raw_values
                0x200004f0       0x28 build/main.o
                0x200004f0                adc_raw_values
 .bss.last_ud_winner
                0x20000518        0x4 build/main.o
                0x20000518                last_ud_winner
 .bss.last_lr_winner
                0x2000051c        0x4 build/main.o
                0x2000051c                last_lr_winner
 .bss.last_down_state
                0x20000520        0x1 build/main.o
                0x20000520                last_down_state
 .bss.last_up_state
                0x20000521        0x1 build/main.o
                0x20000521                last_up_state
 .bss.last_right_state
                0x20000522        0x1 build/main.o
                0x20000522                last_right_state
 .bss.last_left_state
                0x20000523        0x1 build/main.o
                0x20000523                last_left_state
 .bss.g_combos  0x20000524       0x10 build/main.o
                0x20000524                g_combos
 .bss.g_socd_mode
                0x20000534        0x1 build/main.o
                0x20000534                g_socd_mode
 .bss.g_req_save
                0x20000535        0x1 build/main.o
                0x20000535                g_req_save
 .bss.g_req_calibrate
                0x20000536        0x1 build/main.o
                0x20000536                g_req_calibrate
 .bss.g_boot_mode
                0x20000537        0x1 build/main.o
                0x20000537                g_boot_mode
 .bss.HAL_RCC_ADC34_CLK_ENABLED
                0x20000538        0x4 build/adc.o
 .bss.hadc4     0x2000053c       0x50 build/adc.o
                0x2000053c                hadc4
 .bss.hadc3     0x2000058c       0x50 build/adc.o
                0x2000058c                hadc3
 .bss.hadc2     0x200005dc       0x50 build/adc.o
                0x200005dc                hadc2
 .bss.hUsbDeviceFS
                0x2000062c      0x2c4 build/usb_device.o
                0x2000062c                hUsbDeviceFS
 .bss.USBD_StrDesc
                0x200008f0      0x200 build/usbd_desc.o
                0x200008f0                USBD_StrDesc
 .bss.mem.0     0x20000af0       0x14 build/usbd_conf.o
 .bss.hpcd_USB_FS
                0x20000b04      0x2d4 build/usbd_conf.o
                0x20000b04                hpcd_USB_FS
 .bss.uwTick    0x20000dd8        0x4 build/stm32f3xx_hal.o
                0x20000dd8                uwTick
 *fill*         0x20000ddc        0x4 
 .bss.pFlash    0x20000de0       0x20 build/stm32f3xx_hal_flash.o
                0x20000de0                pFlash
 .bss.cfgidx.0  0x20000e00        0x1 build/usbd_ctlreq.o
 *fill*         0x20000e01        0x3 
 .bss.WebHID_RxBuffer
                0x20000e04       0x40 build/usbd_hid.o
                0x20000e04                WebHID_RxBuffer
 *(COMMON)
                0x20000e44                        . = ALIGN (0x4)
                0x20000e44                        _ebss = .
                0x20000e44                        __bss_end__ = _ebss

._user_heap_stack
                0x20000e44      0x604
                0x20000e48                        . = ALIGN (0x8)
 *fill*         0x20000e44        0x4 
                [!provide]                        PROVIDE (end = .)
                0x20000e48                        PROVIDE (_end = .)
                0x20001048                        . = (. + _Min_Heap_Size)
 *fill*         0x20000e48      0x200 
                0x20001448                        . = (. + _Min_Stack_Size)
 *fill*         0x20001048      0x400 
                0x20001448                        . = ALIGN (0x8)

/DISCARD/
 libc.a(*)
 libm.a(*)
 libgcc.a(*)
OUTPUT(build/Leverless_Controller.elf elf32-littlearm)
LOAD linker stubs
LOAD C:/built/gnu/bin/../lib/gcc/arm-none-eabi/15.2.1/../../../../arm-none-eabi/lib/thumb/v7e-m+fp/hard\libc.a
LOAD C:/built/gnu/bin/../lib/gcc/arm-none-eabi/15.2.1/../../../../arm-none-eabi/lib/thumb/v7e-m+fp/hard\libm.a
LOAD C:/built/gnu/bin/../lib/gcc/arm-none-eabi/15.2.1/thumb/v7e-m+fp/hard\libgcc.a

.ARM.attributes
                0x00000000       0x30
 .ARM.attributes
                0x00000000       0x22 C:/built/gnu/bin/../lib/gcc/arm-none-eabi/15.2.1/thumb/v7e-m+fp/hard/crti.o
 .ARM.attributes
                0x00000022       0x34 C:/built/gnu/bin/../lib/gcc/arm-none-eabi/15.2.1/thumb/v7e-m+fp/hard/crtbegin.o
 .ARM.attributes
                0x00000056       0x34 build/main.o
 .ARM.attributes
                0x0000008a       0x34 build/gpio.o
 .ARM.attributes
                0x000000be       0x34 build/adc.o
 .ARM.attributes
                0x000000f2       0x34 build/stm32f3xx_it.o
 .ARM.attributes
                0x00000126       0x34 build/stm32f3xx_hal_msp.o
 .ARM.attributes
                0x0000015a       0x34 build/system_stm32f3xx.o
 .ARM.attributes
                0x0000018e       0x34 build/usb_device.o
 .ARM.attributes
                0x000001c2       0x34 build/usbd_desc.o
 .ARM.attributes
                0x000001f6       0x34 build/usbd_conf.o
 .ARM.attributes
                0x0000022a       0x34 build/stm32f3xx_hal_pcd.o
 .ARM.attributes
                0x0000025e       0x34 build/stm32f3xx_hal_pcd_ex.o
 .ARM.attributes
                0x00000292       0x34 build/stm32f3xx_ll_usb.o
 .ARM.attributes
                0x000002c6       0x34 build/stm32f3xx_hal.o
 .ARM.attributes
                0x000002fa       0x34 build/stm32f3xx_hal_rcc.o
 .ARM.attributes
                0x0000032e       0x34 build/stm32f3xx_hal_rcc_ex.o
 .ARM.attributes
                0x00000362       0x34 build/stm32f3xx_hal_gpio.o
 .ARM.attributes
                0x00000396       0x34 build/stm32f3xx_hal_cortex.o
 .ARM.attributes
                0x000003ca       0x34 build/stm32f3xx_hal_flash.o
 .ARM.attributes
                0x000003fe       0x34 build/stm32f3xx_hal_flash_ex.o
 .ARM.attributes
                0x00000432       0x34 build/stm32f3xx_hal_adc_ex.o
 .ARM.attributes
                0x00000466       0x34 build/usbd_core.o
 .ARM.attributes
                0x0000049a       0x34 build/usbd_ctlreq.o
 .ARM.attributes
                0x000004ce       0x34 build/usbd_ioreq.o
 .ARM.attributes
                0x00000502       0x34 build/usbd_hid.o
 .ARM.attributes
                0x00000536       0x21 build/startup_stm32f303xc.o
 .ARM.attributes
                0x00000557       0x34 C:/built/gnu/bin/../lib/gcc/arm-none-eabi/15.2.1/../../../../arm-none-eabi/lib/thumb/v7e-m+fp/hard\libc_nano.a(libc_a-memcmp.o)
 .ARM.attributes
                0x0000058b       0x34 C:/built/gnu/bin/../lib/gcc/arm-none-eabi/15.2.1/../../../../arm-none-eabi/lib/thumb/v7e-m+fp/hard\libc_nano.a(libc_a-memset.o)
 .ARM.attributes
                0x000005bf       0x34 C:/built/gnu/bin/../lib/gcc/arm-none-eabi/15.2.1/../../../../arm-none-eabi/lib/thumb/v7e-m+fp/hard\libc_nano.a(libc_a-init.o)
 .ARM.attributes
                0x000005f3       0x34 C:/built/gnu/bin/../lib/gcc/arm-none-eabi/15.2.1/thumb/v7e-m+fp/hard/crtend.o
 .ARM.attributes
                0x00000627       0x22 C:/built/gnu/bin/../lib/gcc/arm-none-eabi/15.2.1/thumb/v7e-m+fp/hard/crtn.o

.comment        0x00000000       0x45
 .comment       0x00000000       0x45 build/main.o
                                 0x46 (size before relaxing)
 .comment       0x00000045        0x0 build/gpio.o
                                 0x46 (size before relaxing)
 .comment       0x00000045        0x0 build/adc.o
                                 0x46 (size before relaxing)
 .comment       0x00000045        0x0 build/stm32f3xx_it.o
                                 0x46 (size before relaxing)
 .comment       0x00000045        0x0 build/stm32f3xx_hal_msp.o
                                 0x46 (size before relaxing)
 .comment       0x00000045        0x0 build/system_stm32f3xx.o
                                 0x46 (size before relaxing)
 .comment       0x00000045        0x0 build/usb_device.o
                                 0x46 (size before relaxing)
 .comment       0x00000045        0x0 build/usbd_desc.o
                                 0x46 (size before relaxing)
 .comment       0x00000045        0x0 build/usbd_conf.o
                                 0x46 (size before relaxing)
 .comment       0x00000045        0x0 build/stm32f3xx_hal_pcd.o
                                 0x46 (size before relaxing)
 .comment       0x00000045        0x0 build/stm32f3xx_hal_pcd_ex.o
                                 0x46 (size before relaxing)
 .comment       0x00000045        0x0 build/stm32f3xx_ll_usb.o
                                 0x46 (size before relaxing)
 .comment       0x00000045        0x0 build/stm32f3xx_hal.o
                                 0x46 (size before relaxing)
 .comment       0x00000045        0x0 build/stm32f3xx_hal_rcc.o
                                 0x46 (size before relaxing)
 .comment       0x00000045        0x0 build/stm32f3xx_hal_rcc_ex.o
                                 0x46 (size before relaxing)
 .comment       0x00000045        0x0 build/stm32f3xx_hal_gpio.o
                                 0x46 (size before relaxing)
 .comment       0x00000045        0x0 build/stm32f3xx_hal_cortex.o
                                 0x46 (size before relaxing)
 .comment       0x00000045        0x0 build/stm32f3xx_hal_flash.o
                                 0x46 (size before relaxing)
 .comment       0x00000045        0x0 build/stm32f3xx_hal_flash_ex.o
                                 0x46 (size before relaxing)
 .comment       0x00000045        0x0 build/stm32f3xx_hal_adc_ex.o
                                 0x46 (size before relaxing)
 .comment       0x00000045        0x0 build/usbd_core.o
                                 0x46 (size before relaxing)
 .comment       0x00000045        0x0 build/usbd_ctlreq.o
                                 0x46 (size before relaxing)
 .comment       0x00000045        0x0 build/usbd_ioreq.o
                                 0x46 (size before relaxing)
 .comment       0x00000045        0x0 build/usbd_hid.o
                                 0x46 (size before relaxing)

.debug_info     0x00000000    0x15b1f
 .debug_info    0x00000000     0x2407 build/main.o
 .debug_info    0x00002407      0x489 build/gpio.o
 .debug_info    0x00002890      0xeac build/adc.o
 .debug_info    0x0000373c      0x70d build/stm32f3xx_it.o
 .debug_info    0x00003e49      0x1c9 build/stm32f3xx_hal_msp.o
 .debug_info    0x00004012      0x47d build/system_stm32f3xx.o
 .debug_info    0x0000448f      0x685 build/usb_device.o
 .debug_info    0x00004b14      0x5ea build/usbd_desc.o
 .debug_info    0x000050fe     0x2040 build/usbd_conf.o
 .debug_info    0x0000713e     0x1ede build/stm32f3xx_hal_pcd.o
 .debug_info    0x0000901c      0x7a9 build/stm32f3xx_hal_pcd_ex.o
 .debug_info    0x000097c5     0x1b91 build/stm32f3xx_ll_usb.o
 .debug_info    0x0000b356      0x958 build/stm32f3xx_hal.o
 .debug_info    0x0000bcae     0x1559 build/stm32f3xx_hal_rcc.o
 .debug_info    0x0000d207      0x772 build/stm32f3xx_hal_rcc_ex.o
 .debug_info    0x0000d979      0x74a build/stm32f3xx_hal_gpio.o
 .debug_info    0x0000e0c3     0x111c build/stm32f3xx_hal_cortex.o
 .debug_info    0x0000f1df      0x6fc build/stm32f3xx_hal_flash.o
 .debug_info    0x0000f8db      0xbf5 build/stm32f3xx_hal_flash_ex.o
 .debug_info    0x000104d0     0x2008 build/stm32f3xx_hal_adc_ex.o
 .debug_info    0x000124d8      0xf97 build/usbd_core.o
 .debug_info    0x0001346f     0x1213 build/usbd_ctlreq.o
 .debug_info    0x00014682      0x946 build/usbd_ioreq.o
 .debug_info    0x00014fc8      0xb27 build/usbd_hid.o
 .debug_info    0x00015aef       0x30 build/startup_stm32f303xc.o

.debug_abbrev   0x00000000     0x39aa
 .debug_abbrev  0x00000000      0x3ec build/main.o
 .debug_abbrev  0x000003ec      0x160 build/gpio.o
 .debug_abbrev  0x0000054c      0x24c build/adc.o
 .debug_abbrev  0x00000798      0x183 build/stm32f3xx_it.o
 .debug_abbrev  0x0000091b       0xc1 build/stm32f3xx_hal_msp.o
 .debug_abbrev  0x000009dc      0x11b build/system_stm32f3xx.o
 .debug_abbrev  0x00000af7      0x18c build/usb_device.o
 .debug_abbrev  0x00000c83      0x1f9 build/usbd_desc.o
 .debug_abbrev  0x00000e7c      0x327 build/usbd_conf.o
 .debug_abbrev  0x000011a3      0x334 build/stm32f3xx_hal_pcd.o
 .debug_abbrev  0x000014d7      0x184 build/stm32f3xx_hal_pcd_ex.o
 .debug_abbrev  0x0000165b      0x2f4 build/stm32f3xx_ll_usb.o
 .debug_abbrev  0x0000194f      0x245 build/stm32f3xx_hal.o
 .debug_abbrev  0x00001b94      0x347 build/stm32f3xx_hal_rcc.o
 .debug_abbrev  0x00001edb      0x25a build/stm32f3xx_hal_rcc_ex.o
 .debug_abbrev  0x00002135      0x236 build/stm32f3xx_hal_gpio.o
 .debug_abbrev  0x0000236b      0x3ca build/stm32f3xx_hal_cortex.o
 .debug_abbrev  0x00002735      0x290 build/stm32f3xx_hal_flash.o
 .debug_abbrev  0x000029c5      0x307 build/stm32f3xx_hal_flash_ex.o
 .debug_abbrev  0x00002ccc      0x326 build/stm32f3xx_hal_adc_ex.o
 .debug_abbrev  0x00002ff2      0x2ae build/usbd_core.o
 .debug_abbrev  0x000032a0      0x2ec build/usbd_ctlreq.o
 .debug_abbrev  0x0000358c      0x18e build/usbd_ioreq.o
 .debug_abbrev  0x0000371a      0x273 build/usbd_hid.o
 .debug_abbrev  0x0000398d       0x1d build/startup_stm32f303xc.o

.debug_loc      0x00000000     0xf4ac
 .debug_loc     0x00000000     0x162a build/main.o
 .debug_loc     0x0000162a       0x39 build/gpio.o
 .debug_loc     0x00001663      0x265 build/adc.o
 .debug_loc     0x000018c8       0x40 build/stm32f3xx_it.o
 .debug_loc     0x00001908       0x2c build/stm32f3xx_hal_msp.o
 .debug_loc     0x00001934      0x14d build/system_stm32f3xx.o
 .debug_loc     0x00001a81       0x20 build/usb_device.o
 .debug_loc     0x00001aa1      0x3ff build/usbd_desc.o
 .debug_loc     0x00001ea0     0x1077 build/usbd_conf.o
 .debug_loc     0x00002f17     0x1a12 build/stm32f3xx_hal_pcd.o
 .debug_loc     0x00004929      0x15a build/stm32f3xx_hal_pcd_ex.o
 .debug_loc     0x00004a83     0x1a50 build/stm32f3xx_ll_usb.o
 .debug_loc     0x000064d3      0x1f9 build/stm32f3xx_hal.o
 .debug_loc     0x000066cc      0xc5e build/stm32f3xx_hal_rcc.o
 .debug_loc     0x0000732a     0x1043 build/stm32f3xx_hal_rcc_ex.o
 .debug_loc     0x0000836d      0x4ae build/stm32f3xx_hal_gpio.o
 .debug_loc     0x0000881b      0x876 build/stm32f3xx_hal_cortex.o
 .debug_loc     0x00009091      0x458 build/stm32f3xx_hal_flash.o
 .debug_loc     0x000094e9      0x9e7 build/stm32f3xx_hal_flash_ex.o
 .debug_loc     0x00009ed0     0x27a8 build/stm32f3xx_hal_adc_ex.o
 .debug_loc     0x0000c678      0xbaa build/usbd_core.o
 .debug_loc     0x0000d222     0x1924 build/usbd_ctlreq.o
 .debug_loc     0x0000eb46      0x3f8 build/usbd_ioreq.o
 .debug_loc     0x0000ef3e      0x56e build/usbd_hid.o

.debug_aranges  0x00000000      0xcd8
 .debug_aranges
                0x00000000       0x80 build/main.o
 .debug_aranges
                0x00000080       0x20 build/gpio.o
 .debug_aranges
                0x000000a0       0x40 build/adc.o
 .debug_aranges
                0x000000e0       0x68 build/stm32f3xx_it.o
 .debug_aranges
                0x00000148       0x20 build/stm32f3xx_hal_msp.o
 .debug_aranges
                0x00000168       0x28 build/system_stm32f3xx.o
 .debug_aranges
                0x00000190       0x20 build/usb_device.o
 .debug_aranges
                0x000001b0       0x60 build/usbd_desc.o
 .debug_aranges
                0x00000210      0x110 build/usbd_conf.o
 .debug_aranges
                0x00000320      0x140 build/stm32f3xx_hal_pcd.o
 .debug_aranges
                0x00000460       0x38 build/stm32f3xx_hal_pcd_ex.o
 .debug_aranges
                0x00000498       0xc8 build/stm32f3xx_ll_usb.o
 .debug_aranges
                0x00000560       0xe0 build/stm32f3xx_hal.o
 .debug_aranges
                0x00000640       0x88 build/stm32f3xx_hal_rcc.o
 .debug_aranges
                0x000006c8       0x38 build/stm32f3xx_hal_rcc_ex.o
 .debug_aranges
                0x00000700       0x58 build/stm32f3xx_hal_gpio.o
 .debug_aranges
                0x00000758       0xe8 build/stm32f3xx_hal_cortex.o
 .debug_aranges
                0x00000840       0x88 build/stm32f3xx_hal_flash.o
 .debug_aranges
                0x000008c8       0x98 build/stm32f3xx_hal_flash_ex.o
 .debug_aranges
                0x00000960      0x168 build/stm32f3xx_hal_adc_ex.o
 .debug_aranges
                0x00000ac8       0xb8 build/usbd_core.o
 .debug_aranges
                0x00000b80       0x88 build/usbd_ctlreq.o
 .debug_aranges
                0x00000c08       0x50 build/usbd_ioreq.o
 .debug_aranges
                0x00000c58       0x58 build/usbd_hid.o
 .debug_aranges
                0x00000cb0       0x28 build/startup_stm32f303xc.o

.debug_ranges   0x00000000      0xf30
 .debug_ranges  0x00000000       0xe8 build/main.o
 .debug_ranges  0x000000e8       0x10 build/gpio.o
 .debug_ranges  0x000000f8       0x30 build/adc.o
 .debug_ranges  0x00000128       0x58 build/stm32f3xx_it.o
 .debug_ranges  0x00000180       0x10 build/stm32f3xx_hal_msp.o
 .debug_ranges  0x00000190       0x18 build/system_stm32f3xx.o
 .debug_ranges  0x000001a8       0x10 build/usb_device.o
 .debug_ranges  0x000001b8       0x50 build/usbd_desc.o
 .debug_ranges  0x00000208      0x100 build/usbd_conf.o
 .debug_ranges  0x00000308      0x240 build/stm32f3xx_hal_pcd.o
 .debug_ranges  0x00000548       0x28 build/stm32f3xx_hal_pcd_ex.o
 .debug_ranges  0x00000570      0x2f0 build/stm32f3xx_ll_usb.o
 .debug_ranges  0x00000860       0xd0 build/stm32f3xx_hal.o
 .debug_ranges  0x00000930       0x98 build/stm32f3xx_hal_rcc.o
 .debug_ranges  0x000009c8       0x28 build/stm32f3xx_hal_rcc_ex.o
 .debug_ranges  0x000009f0       0x48 build/stm32f3xx_hal_gpio.o
 .debug_ranges  0x00000a38       0xd8 build/stm32f3xx_hal_cortex.o
 .debug_ranges  0x00000b10       0x78 build/stm32f3xx_hal_flash.o
 .debug_ranges  0x00000b88       0x88 build/stm32f3xx_hal_flash_ex.o
 .debug_ranges  0x00000c10      0x158 build/stm32f3xx_hal_adc_ex.o
 .debug_ranges  0x00000d68       0xa8 build/usbd_core.o
 .debug_ranges  0x00000e10       0x78 build/usbd_ctlreq.o
 .debug_ranges  0x00000e88       0x40 build/usbd_ioreq.o
 .debug_ranges  0x00000ec8       0x48 build/usbd_hid.o
 .debug_ranges  0x00000f10       0x20 build/startup_stm32f303xc.o

.debug_line     0x00000000     0xd8ab
 .debug_line    0x00000000     0x1392 build/main.o
 .debug_line    0x00001392      0x1f7 build/gpio.o
 .debug_line    0x00001589      0x5ee build/adc.o
 .debug_line    0x00001b77      0x248 build/stm32f3xx_it.o
 .debug_line    0x00001dbf      0x10e build/stm32f3xx_hal_msp.o
 .debug_line    0x00001ecd      0x1e7 build/system_stm32f3xx.o
 .debug_line    0x000020b4      0x1af build/usb_device.o
 .debug_line    0x00002263      0x372 build/usbd_desc.o
 .debug_line    0x000025d5      0x72d build/usbd_conf.o
 .debug_line    0x00002d02     0x1558 build/stm32f3xx_hal_pcd.o
 .debug_line    0x0000425a      0x221 build/stm32f3xx_hal_pcd_ex.o
 .debug_line    0x0000447b     0x15f1 build/stm32f3xx_ll_usb.o
 .debug_line    0x00005a6c      0x4ca build/stm32f3xx_hal.o
 .debug_line    0x00005f36     0x126d build/stm32f3xx_hal_rcc.o
 .debug_line    0x000071a3      0xa70 build/stm32f3xx_hal_rcc_ex.o
 .debug_line    0x00007c13      0x638 build/stm32f3xx_hal_gpio.o
 .debug_line    0x0000824b      0x785 build/stm32f3xx_hal_cortex.o
 .debug_line    0x000089d0      0x615 build/stm32f3xx_hal_flash.o
 .debug_line    0x00008fe5      0x909 build/stm32f3xx_hal_flash_ex.o
 .debug_line    0x000098ee     0x2803 build/stm32f3xx_hal_adc_ex.o
 .debug_line    0x0000c0f1      0x6b1 build/usbd_core.o
 .debug_line    0x0000c7a2      0xac3 build/usbd_ctlreq.o
 .debug_line    0x0000d265      0x23c build/usbd_ioreq.o
 .debug_line    0x0000d4a1      0x397 build/usbd_hid.o
 .debug_line    0x0000d838       0x73 build/startup_stm32f303xc.o

.debug_str      0x00000000     0x4198
 .debug_str     0x00000000     0x4198 build/main.o
                               0x11df (size before relaxing)
 .debug_str     0x00004198        0x0 build/gpio.o
                                0x2b3 (size before relaxing)
 .debug_str     0x00004198        0x0 build/adc.o
                                0x837 (size before relaxing)
 .debug_str     0x00004198        0x0 build/stm32f3xx_it.o
                                0x5b1 (size before relaxing)
 .debug_str     0x00004198        0x0 build/stm32f3xx_hal_msp.o
                                0x1e2 (size before relaxing)
 .debug_str     0x00004198        0x0 build/system_stm32f3xx.o
                                0x2b7 (size before relaxing)
 .debug_str     0x00004198        0x0 build/usb_device.o
                                0x5c2 (size before relaxing)
 .debug_str     0x00004198        0x0 build/usbd_desc.o
                                0x43a (size before relaxing)
 .debug_str     0x00004198        0x0 build/usbd_conf.o
                               0x12fc (size before relaxing)
 .debug_str     0x00004198        0x0 build/stm32f3xx_hal_pcd.o
                                0xa9e (size before relaxing)
 .debug_str     0x00004198        0x0 build/stm32f3xx_hal_pcd_ex.o
                                0x6a6 (size before relaxing)
 .debug_str     0x00004198        0x0 build/stm32f3xx_ll_usb.o
                                0x641 (size before relaxing)
 .debug_str     0x00004198        0x0 build/stm32f3xx_hal.o
                                0x997 (size before relaxing)
 .debug_str     0x00004198        0x0 build/stm32f3xx_hal_rcc.o
                                0x65f (size before relaxing)
 .debug_str     0x00004198        0x0 build/stm32f3xx_hal_rcc_ex.o
                                0x51b (size before relaxing)
 .debug_str     0x00004198        0x0 build/stm32f3xx_hal_gpio.o
                                0x412 (size before relaxing)
 .debug_str     0x00004198        0x0 build/stm32f3xx_hal_cortex.o
                                0xb79 (size before relaxing)
 .debug_str     0x00004198        0x0 build/stm32f3xx_hal_flash.o
                                0x504 (size before relaxing)
 .debug_str     0x00004198        0x0 build/stm32f3xx_hal_flash_ex.o
                                0x62c (size before relaxing)
 .debug_str     0x00004198        0x0 build/stm32f3xx_hal_adc_ex.o
                                0xefa (size before relaxing)
 .debug_str     0x00004198        0x0 build/usbd_core.o
                                0x80e (size before relaxing)
 .debug_str     0x00004198        0x0 build/usbd_ctlreq.o
                                0x728 (size before relaxing)
 .debug_str     0x00004198        0x0 build/usbd_ioreq.o
                                0x655 (size before relaxing)
 .debug_str     0x00004198        0x0 build/usbd_hid.o
                                0x731 (size before relaxing)
 .debug_str     0x00004198        0x0 build/startup_stm32f303xc.o
                                 0x5f (size before relaxing)

.debug_frame    0x00000000     0x1f74
 .debug_frame   0x00000000      0x164 build/main.o
 .debug_frame   0x00000164       0x38 build/gpio.o
 .debug_frame   0x0000019c       0xa8 build/adc.o
 .debug_frame   0x00000244       0xc0 build/stm32f3xx_it.o
 .debug_frame   0x00000304       0x28 build/stm32f3xx_hal_msp.o
 .debug_frame   0x0000032c       0x30 build/system_stm32f3xx.o
 .debug_frame   0x0000035c       0x28 build/usb_device.o
 .debug_frame   0x00000384       0xdc build/usbd_desc.o
 .debug_frame   0x00000460      0x2e0 build/usbd_conf.o
 .debug_frame   0x00000740      0x354 build/stm32f3xx_hal_pcd.o
 .debug_frame   0x00000a94       0x50 build/stm32f3xx_hal_pcd_ex.o
 .debug_frame   0x00000ae4      0x194 build/stm32f3xx_ll_usb.o
 .debug_frame   0x00000c78      0x1cc build/stm32f3xx_hal.o
 .debug_frame   0x00000e44      0x16c build/stm32f3xx_hal_rcc.o
 .debug_frame   0x00000fb0       0x70 build/stm32f3xx_hal_rcc_ex.o
 .debug_frame   0x00001020       0xd0 build/stm32f3xx_hal_gpio.o
 .debug_frame   0x000010f0      0x1ec build/stm32f3xx_hal_cortex.o
 .debug_frame   0x000012dc      0x128 build/stm32f3xx_hal_flash.o
 .debug_frame   0x00001404      0x194 build/stm32f3xx_hal_flash_ex.o
 .debug_frame   0x00001598      0x4b0 build/stm32f3xx_hal_adc_ex.o
 .debug_frame   0x00001a48      0x1c4 build/usbd_core.o
 .debug_frame   0x00001c0c      0x178 build/usbd_ctlreq.o
 .debug_frame   0x00001d84       0xb8 build/usbd_ioreq.o
 .debug_frame   0x00001e3c       0xc4 build/usbd_hid.o
 .debug_frame   0x00001f00       0x28 C:/built/gnu/bin/../lib/gcc/arm-none-eabi/15.2.1/../../../../arm-none-eabi/lib/thumb/v7e-m+fp/hard\libc_nano.a(libc_a-memcmp.o)
 .debug_frame   0x00001f28       0x20 C:/built/gnu/bin/../lib/gcc/arm-none-eabi/15.2.1/../../../../arm-none-eabi/lib/thumb/v7e-m+fp/hard\libc_nano.a(libc_a-memset.o)
 .debug_frame   0x00001f48       0x2c C:/built/gnu/bin/../lib/gcc/arm-none-eabi/15.2.1/../../../../arm-none-eabi/lib/thumb/v7e-m+fp/hard\libc_nano.a(libc_a-init.o)

Cross Reference Table

Symbol                                            File
ADC1_2_IRQHandler                                 build/startup_stm32f303xc.o
ADC3_IRQHandler                                   build/startup_stm32f303xc.o
ADC4_IRQHandler                                   build/startup_stm32f303xc.o
AHBPrescTable                                     build/system_stm32f3xx.o
                                                  build/stm32f3xx_hal_rcc.o
APBPrescTable                                     build/system_stm32f3xx.o
                                                  build/stm32f3xx_hal_rcc.o
BusFault_Handler                                  build/stm32f3xx_it.o
CAN_RX1_IRQHandler                                build/startup_stm32f303xc.o
CAN_SCE_IRQHandler                                build/startup_stm32f303xc.o
COMP1_2_3_IRQHandler                              build/startup_stm32f303xc.o
COMP4_5_6_IRQHandler                              build/startup_stm32f303xc.o
COMP7_IRQHandler                                  build/startup_stm32f303xc.o
DMA1_Channel1_IRQHandler                          build/startup_stm32f303xc.o
DMA1_Channel2_IRQHandler                          build/startup_stm32f303xc.o
DMA1_Channel3_IRQHandler                          build/startup_stm32f303xc.o
DMA1_Channel4_IRQHandler                          build/startup_stm32f303xc.o
DMA1_Channel5_IRQHandler                          build/startup_stm32f303xc.o
DMA1_Channel6_IRQHandler                          build/startup_stm32f303xc.o
DMA1_Channel7_IRQHandler                          build/startup_stm32f303xc.o
DMA2_Channel1_IRQHandler                          build/startup_stm32f303xc.o
DMA2_Channel2_IRQHandler                          build/startup_stm32f303xc.o
DMA2_Channel3_IRQHandler                          build/startup_stm32f303xc.o
DMA2_Channel4_IRQHandler                          build/startup_stm32f303xc.o
DMA2_Channel5_IRQHandler                          build/startup_stm32f303xc.o
DebugMon_Handler                                  build/stm32f3xx_it.o
Default_Handler                                   build/startup_stm32f303xc.o
EXTI0_IRQHandler                                  build/startup_stm32f303xc.o
EXTI15_10_IRQHandler                              build/startup_stm32f303xc.o
EXTI1_IRQHandler                                  build/startup_stm32f303xc.o
EXTI2_TSC_IRQHandler                              build/startup_stm32f303xc.o
EXTI3_IRQHandler                                  build/startup_stm32f303xc.o
EXTI4_IRQHandler                                  build/startup_stm32f303xc.o
EXTI9_5_IRQHandler                                build/startup_stm32f303xc.o
Error_Handler                                     build/main.o
                                                  build/usbd_conf.o
                                                  build/usb_device.o
                                                  build/adc.o
FLASH_IRQHandler                                  build/startup_stm32f303xc.o
FLASH_PageErase                                   build/stm32f3xx_hal_flash_ex.o
                                                  build/stm32f3xx_hal_flash.o
FLASH_WaitForLastOperation                        build/stm32f3xx_hal_flash.o
                                                  build/stm32f3xx_hal_flash_ex.o
FPU_IRQHandler                                    build/startup_stm32f303xc.o
FS_Desc                                           build/usbd_desc.o
                                                  build/usb_device.o
HAL_ADCEx_Calibration_GetValue                    build/stm32f3xx_hal_adc_ex.o
HAL_ADCEx_Calibration_SetValue                    build/stm32f3xx_hal_adc_ex.o
HAL_ADCEx_Calibration_Start                       build/stm32f3xx_hal_adc_ex.o
HAL_ADCEx_InjectedConfigChannel                   build/stm32f3xx_hal_adc_ex.o
HAL_ADCEx_InjectedConvCpltCallback                build/stm32f3xx_hal_adc_ex.o
HAL_ADCEx_InjectedGetValue                        build/stm32f3xx_hal_adc_ex.o
HAL_ADCEx_InjectedPollForConversion               build/stm32f3xx_hal_adc_ex.o
HAL_ADCEx_InjectedQueueOverflowCallback           build/stm32f3xx_hal_adc_ex.o
HAL_ADCEx_InjectedStart                           build/stm32f3xx_hal_adc_ex.o
HAL_ADCEx_InjectedStart_IT                        build/stm32f3xx_hal_adc_ex.o
HAL_ADCEx_InjectedStop                            build/stm32f3xx_hal_adc_ex.o
HAL_ADCEx_InjectedStop_IT                         build/stm32f3xx_hal_adc_ex.o
HAL_ADCEx_LevelOutOfWindow2Callback               build/stm32f3xx_hal_adc_ex.o
HAL_ADCEx_LevelOutOfWindow3Callback               build/stm32f3xx_hal_adc_ex.o
HAL_ADCEx_MultiModeConfigChannel                  build/stm32f3xx_hal_adc_ex.o
                                                  build/adc.o
HAL_ADCEx_MultiModeGetValue                       build/stm32f3xx_hal_adc_ex.o
HAL_ADCEx_MultiModeStart_DMA                      build/stm32f3xx_hal_adc_ex.o
HAL_ADCEx_MultiModeStop_DMA                       build/stm32f3xx_hal_adc_ex.o
HAL_ADCEx_RegularMultiModeStop_DMA                build/stm32f3xx_hal_adc_ex.o
HAL_ADCEx_RegularStop                             build/stm32f3xx_hal_adc_ex.o
HAL_ADCEx_RegularStop_DMA                         build/stm32f3xx_hal_adc_ex.o
HAL_ADCEx_RegularStop_IT                          build/stm32f3xx_hal_adc_ex.o
HAL_ADC_AnalogWDGConfig                           build/stm32f3xx_hal_adc_ex.o
                                                  build/stm32f3xx_hal_adc.o
HAL_ADC_ConfigChannel                             build/stm32f3xx_hal_adc_ex.o
                                                  build/stm32f3xx_hal_adc.o
                                                  build/adc.o
HAL_ADC_ConvCpltCallback                          build/stm32f3xx_hal_adc.o
                                                  build/stm32f3xx_hal_adc_ex.o
HAL_ADC_ConvHalfCpltCallback                      build/stm32f3xx_hal_adc.o
                                                  build/stm32f3xx_hal_adc_ex.o
HAL_ADC_DeInit                                    build/stm32f3xx_hal_adc_ex.o
                                                  build/stm32f3xx_hal_adc.o
HAL_ADC_ErrorCallback                             build/stm32f3xx_hal_adc.o
                                                  build/stm32f3xx_hal_adc_ex.o
HAL_ADC_GetError                                  build/stm32f3xx_hal_adc.o
HAL_ADC_GetState                                  build/stm32f3xx_hal_adc.o
HAL_ADC_GetValue                                  build/stm32f3xx_hal_adc_ex.o
                                                  build/stm32f3xx_hal_adc.o
                                                  build/main.o
HAL_ADC_IRQHandler                                build/stm32f3xx_hal_adc_ex.o
                                                  build/stm32f3xx_hal_adc.o
HAL_ADC_Init                                      build/stm32f3xx_hal_adc_ex.o
                                                  build/stm32f3xx_hal_adc.o
                                                  build/adc.o
HAL_ADC_LevelOutOfWindowCallback                  build/stm32f3xx_hal_adc.o
                                                  build/stm32f3xx_hal_adc_ex.o
HAL_ADC_MspDeInit                                 build/adc.o
                                                  build/stm32f3xx_hal_adc_ex.o
HAL_ADC_MspInit                                   build/adc.o
                                                  build/stm32f3xx_hal_adc_ex.o
HAL_ADC_PollForConversion                         build/stm32f3xx_hal_adc_ex.o
                                                  build/stm32f3xx_hal_adc.o
                                                  build/main.o
HAL_ADC_PollForEvent                              build/stm32f3xx_hal_adc_ex.o
                                                  build/stm32f3xx_hal_adc.o
HAL_ADC_Start                                     build/stm32f3xx_hal_adc_ex.o
                                                  build/stm32f3xx_hal_adc.o
                                                  build/main.o
HAL_ADC_Start_DMA                                 build/stm32f3xx_hal_adc_ex.o
                                                  build/stm32f3xx_hal_adc.o
HAL_ADC_Start_IT                                  build/stm32f3xx_hal_adc_ex.o
                                                  build/stm32f3xx_hal_adc.o
HAL_ADC_Stop                                      build/stm32f3xx_hal_adc_ex.o
                                                  build/stm32f3xx_hal_adc.o
HAL_ADC_Stop_DMA                                  build/stm32f3xx_hal_adc_ex.o
                                                  build/stm32f3xx_hal_adc.o
HAL_ADC_Stop_IT                                   build/stm32f3xx_hal_adc_ex.o
                                                  build/stm32f3xx_hal_adc.o
HAL_DBGMCU_DisableDBGSleepMode                    build/stm32f3xx_hal.o
HAL_DBGMCU_DisableDBGStandbyMode                  build/stm32f3xx_hal.o
HAL_DBGMCU_DisableDBGStopMode                     build/stm32f3xx_hal.o
HAL_DBGMCU_EnableDBGSleepMode                     build/stm32f3xx_hal.o
HAL_DBGMCU_EnableDBGStandbyMode                   build/stm32f3xx_hal.o
HAL_DBGMCU_EnableDBGStopMode                      build/stm32f3xx_hal.o
HAL_DMA_Abort                                     build/stm32f3xx_hal_dma.o
                                                  build/stm32f3xx_hal_adc_ex.o
HAL_DMA_Abort_IT                                  build/stm32f3xx_hal_dma.o
                                                  build/stm32f3xx_hal_i2c.o
HAL_DMA_DeInit                                    build/stm32f3xx_hal_dma.o
HAL_DMA_GetError                                  build/stm32f3xx_hal_dma.o
HAL_DMA_GetState                                  build/stm32f3xx_hal_dma.o
                                                  build/stm32f3xx_hal_i2c.o
HAL_DMA_IRQHandler                                build/stm32f3xx_hal_dma.o
HAL_DMA_Init                                      build/stm32f3xx_hal_dma.o
HAL_DMA_PollForTransfer                           build/stm32f3xx_hal_dma.o
HAL_DMA_RegisterCallback                          build/stm32f3xx_hal_dma.o
HAL_DMA_Start                                     build/stm32f3xx_hal_dma.o
HAL_DMA_Start_IT                                  build/stm32f3xx_hal_dma.o
                                                  build/stm32f3xx_hal_adc_ex.o
                                                  build/stm32f3xx_hal_i2c.o
HAL_DMA_UnRegisterCallback                        build/stm32f3xx_hal_dma.o
HAL_DeInit                                        build/stm32f3xx_hal.o
HAL_Delay                                         build/stm32f3xx_hal.o
                                                  build/usbd_conf.o
                                                  build/main.o
HAL_EXTI_ClearConfigLine                          build/stm32f3xx_hal_exti.o
HAL_EXTI_ClearPending                             build/stm32f3xx_hal_exti.o
HAL_EXTI_GenerateSWI                              build/stm32f3xx_hal_exti.o
HAL_EXTI_GetConfigLine                            build/stm32f3xx_hal_exti.o
HAL_EXTI_GetHandle                                build/stm32f3xx_hal_exti.o
HAL_EXTI_GetPending                               build/stm32f3xx_hal_exti.o
HAL_EXTI_IRQHandler                               build/stm32f3xx_hal_exti.o
HAL_EXTI_RegisterCallback                         build/stm32f3xx_hal_exti.o
HAL_EXTI_SetConfigLine                            build/stm32f3xx_hal_exti.o
HAL_FLASHEx_Erase                                 build/stm32f3xx_hal_flash_ex.o
                                                  build/main.o
HAL_FLASHEx_Erase_IT                              build/stm32f3xx_hal_flash_ex.o
HAL_FLASHEx_OBErase                               build/stm32f3xx_hal_flash_ex.o
HAL_FLASHEx_OBGetConfig                           build/stm32f3xx_hal_flash_ex.o
HAL_FLASHEx_OBGetUserData                         build/stm32f3xx_hal_flash_ex.o
HAL_FLASHEx_OBProgram                             build/stm32f3xx_hal_flash_ex.o
HAL_FLASH_EndOfOperationCallback                  build/stm32f3xx_hal_flash.o
HAL_FLASH_GetError                                build/stm32f3xx_hal_flash.o
HAL_FLASH_IRQHandler                              build/stm32f3xx_hal_flash.o
HAL_FLASH_Lock                                    build/stm32f3xx_hal_flash.o
                                                  build/main.o
HAL_FLASH_OB_Launch                               build/stm32f3xx_hal_flash.o
HAL_FLASH_OB_Lock                                 build/stm32f3xx_hal_flash.o
HAL_FLASH_OB_Unlock                               build/stm32f3xx_hal_flash.o
HAL_FLASH_OperationErrorCallback                  build/stm32f3xx_hal_flash.o
HAL_FLASH_Program                                 build/stm32f3xx_hal_flash.o
                                                  build/main.o
HAL_FLASH_Program_IT                              build/stm32f3xx_hal_flash.o
HAL_FLASH_Unlock                                  build/stm32f3xx_hal_flash.o
                                                  build/main.o
HAL_GPIO_DeInit                                   build/stm32f3xx_hal_gpio.o
                                                  build/usbd_conf.o
                                                  build/adc.o
HAL_GPIO_EXTI_Callback                            build/stm32f3xx_hal_gpio.o
HAL_GPIO_EXTI_IRQHandler                          build/stm32f3xx_hal_gpio.o
HAL_GPIO_Init                                     build/stm32f3xx_hal_gpio.o
                                                  build/stm32f3xx_hal_rcc.o
                                                  build/usbd_conf.o
                                                  build/adc.o
                                                  build/gpio.o
HAL_GPIO_LockPin                                  build/stm32f3xx_hal_gpio.o
HAL_GPIO_ReadPin                                  build/stm32f3xx_hal_gpio.o
HAL_GPIO_TogglePin                                build/stm32f3xx_hal_gpio.o
HAL_GPIO_WritePin                                 build/stm32f3xx_hal_gpio.o
                                                  build/gpio.o
                                                  build/main.o
HAL_GetDEVID                                      build/stm32f3xx_hal.o
HAL_GetHalVersion                                 build/stm32f3xx_hal.o
HAL_GetREVID                                      build/stm32f3xx_hal.o
HAL_GetTick                                       build/stm32f3xx_hal.o
                                                  build/stm32f3xx_hal_adc_ex.o
                                                  build/stm32f3xx_hal_i2c.o
                                                  build/stm32f3xx_hal_flash.o
                                                  build/stm32f3xx_hal_dma.o
                                                  build/stm32f3xx_hal_rcc_ex.o
                                                  build/stm32f3xx_hal_rcc.o
                                                  build/main.o
HAL_GetTickFreq                                   build/stm32f3xx_hal.o
HAL_GetTickPrio                                   build/stm32f3xx_hal.o
HAL_GetUIDw0                                      build/stm32f3xx_hal.o
HAL_GetUIDw1                                      build/stm32f3xx_hal.o
HAL_GetUIDw2                                      build/stm32f3xx_hal.o
HAL_I2CEx_ConfigAnalogFilter                      build/stm32f3xx_hal_i2c_ex.o
HAL_I2CEx_ConfigDigitalFilter                     build/stm32f3xx_hal_i2c_ex.o
HAL_I2CEx_DisableFastModePlus                     build/stm32f3xx_hal_i2c_ex.o
HAL_I2CEx_DisableWakeUp                           build/stm32f3xx_hal_i2c_ex.o
HAL_I2CEx_EnableFastModePlus                      build/stm32f3xx_hal_i2c_ex.o
HAL_I2CEx_EnableWakeUp                            build/stm32f3xx_hal_i2c_ex.o
HAL_I2C_AbortCpltCallback                         build/stm32f3xx_hal_i2c.o
HAL_I2C_AddrCallback                              build/stm32f3xx_hal_i2c.o
HAL_I2C_DeInit                                    build/stm32f3xx_hal_i2c.o
HAL_I2C_DisableListen_IT                          build/stm32f3xx_hal_i2c.o
HAL_I2C_ER_IRQHandler                             build/stm32f3xx_hal_i2c.o
HAL_I2C_EV_IRQHandler                             build/stm32f3xx_hal_i2c.o
HAL_I2C_EnableListen_IT                           build/stm32f3xx_hal_i2c.o
HAL_I2C_ErrorCallback                             build/stm32f3xx_hal_i2c.o
HAL_I2C_GetError                                  build/stm32f3xx_hal_i2c.o
HAL_I2C_GetMode                                   build/stm32f3xx_hal_i2c.o
HAL_I2C_GetState                                  build/stm32f3xx_hal_i2c.o
HAL_I2C_Init                                      build/stm32f3xx_hal_i2c.o
HAL_I2C_IsDeviceReady                             build/stm32f3xx_hal_i2c.o
HAL_I2C_ListenCpltCallback                        build/stm32f3xx_hal_i2c.o
HAL_I2C_MasterRxCpltCallback                      build/stm32f3xx_hal_i2c.o
HAL_I2C_MasterTxCpltCallback                      build/stm32f3xx_hal_i2c.o
HAL_I2C_Master_Abort_IT                           build/stm32f3xx_hal_i2c.o
HAL_I2C_Master_Receive                            build/stm32f3xx_hal_i2c.o
HAL_I2C_Master_Receive_DMA                        build/stm32f3xx_hal_i2c.o
HAL_I2C_Master_Receive_IT                         build/stm32f3xx_hal_i2c.o
HAL_I2C_Master_Seq_Receive_DMA                    build/stm32f3xx_hal_i2c.o
HAL_I2C_Master_Seq_Receive_IT                     build/stm32f3xx_hal_i2c.o
HAL_I2C_Master_Seq_Transmit_DMA                   build/stm32f3xx_hal_i2c.o
HAL_I2C_Master_Seq_Transmit_IT                    build/stm32f3xx_hal_i2c.o
HAL_I2C_Master_Transmit                           build/stm32f3xx_hal_i2c.o
HAL_I2C_Master_Transmit_DMA                       build/stm32f3xx_hal_i2c.o
HAL_I2C_Master_Transmit_IT                        build/stm32f3xx_hal_i2c.o
HAL_I2C_MemRxCpltCallback                         build/stm32f3xx_hal_i2c.o
HAL_I2C_MemTxCpltCallback                         build/stm32f3xx_hal_i2c.o
HAL_I2C_Mem_Read                                  build/stm32f3xx_hal_i2c.o
HAL_I2C_Mem_Read_DMA                              build/stm32f3xx_hal_i2c.o
HAL_I2C_Mem_Read_IT                               build/stm32f3xx_hal_i2c.o
HAL_I2C_Mem_Write                                 build/stm32f3xx_hal_i2c.o
HAL_I2C_Mem_Write_DMA                             build/stm32f3xx_hal_i2c.o
HAL_I2C_Mem_Write_IT                              build/stm32f3xx_hal_i2c.o
HAL_I2C_MspDeInit                                 build/stm32f3xx_hal_i2c.o
HAL_I2C_MspInit                                   build/stm32f3xx_hal_i2c.o
HAL_I2C_SlaveRxCpltCallback                       build/stm32f3xx_hal_i2c.o
HAL_I2C_SlaveTxCpltCallback                       build/stm32f3xx_hal_i2c.o
HAL_I2C_Slave_Receive                             build/stm32f3xx_hal_i2c.o
HAL_I2C_Slave_Receive_DMA                         build/stm32f3xx_hal_i2c.o
HAL_I2C_Slave_Receive_IT                          build/stm32f3xx_hal_i2c.o
HAL_I2C_Slave_Seq_Receive_DMA                     build/stm32f3xx_hal_i2c.o
HAL_I2C_Slave_Seq_Receive_IT                      build/stm32f3xx_hal_i2c.o
HAL_I2C_Slave_Seq_Transmit_DMA                    build/stm32f3xx_hal_i2c.o
HAL_I2C_Slave_Seq_Transmit_IT                     build/stm32f3xx_hal_i2c.o
HAL_I2C_Slave_Transmit                            build/stm32f3xx_hal_i2c.o
HAL_I2C_Slave_Transmit_DMA                        build/stm32f3xx_hal_i2c.o
HAL_I2C_Slave_Transmit_IT                         build/stm32f3xx_hal_i2c.o
HAL_IncTick                                       build/stm32f3xx_hal.o
                                                  build/stm32f3xx_it.o
HAL_Init                                          build/stm32f3xx_hal.o
                                                  build/main.o
HAL_InitTick                                      build/stm32f3xx_hal.o
                                                  build/stm32f3xx_hal_rcc.o
HAL_MPU_ConfigRegion                              build/stm32f3xx_hal_cortex.o
HAL_MPU_Disable                                   build/stm32f3xx_hal_cortex.o
HAL_MPU_DisableRegion                             build/stm32f3xx_hal_cortex.o
HAL_MPU_Enable                                    build/stm32f3xx_hal_cortex.o
HAL_MPU_EnableRegion                              build/stm32f3xx_hal_cortex.o
HAL_MspDeInit                                     build/stm32f3xx_hal.o
HAL_MspInit                                       build/stm32f3xx_hal_msp.o
HAL_NVIC_ClearPendingIRQ                          build/stm32f3xx_hal_cortex.o
HAL_NVIC_DisableIRQ                               build/stm32f3xx_hal_cortex.o
                                                  build/usbd_conf.o
HAL_NVIC_EnableIRQ                                build/stm32f3xx_hal_cortex.o
                                                  build/usbd_conf.o
HAL_NVIC_GetActive                                build/stm32f3xx_hal_cortex.o
HAL_NVIC_GetPendingIRQ                            build/stm32f3xx_hal_cortex.o
HAL_NVIC_GetPriority                              build/stm32f3xx_hal_cortex.o
HAL_NVIC_GetPriorityGrouping                      build/stm32f3xx_hal_cortex.o
HAL_NVIC_SetPendingIRQ                            build/stm32f3xx_hal_cortex.o
HAL_NVIC_SetPriority                              build/stm32f3xx_hal_cortex.o
                                                  build/stm32f3xx_hal.o
                                                  build/usbd_conf.o
HAL_NVIC_SetPriorityGrouping                      build/stm32f3xx_hal_cortex.o
                                                  build/stm32f3xx_hal.o
HAL_NVIC_SystemReset                              build/stm32f3xx_hal_cortex.o
HAL_PCDEx_BCD_Callback                            build/stm32f3xx_hal_pcd_ex.o
HAL_PCDEx_LPM_Callback                            build/stm32f3xx_hal_pcd_ex.o
HAL_PCDEx_PMAConfig                               build/stm32f3xx_hal_pcd_ex.o
                                                  build/usbd_conf.o
HAL_PCDEx_SetConnectionState                      build/stm32f3xx_hal_pcd_ex.o
                                                  build/stm32f3xx_hal_pcd.o
HAL_PCD_ActivateRemoteWakeup                      build/stm32f3xx_hal_pcd.o
HAL_PCD_ConnectCallback                           build/usbd_conf.o
HAL_PCD_DataInStageCallback                       build/usbd_conf.o
HAL_PCD_DataOutStageCallback                      build/usbd_conf.o
HAL_PCD_DeActivateRemoteWakeup                    build/stm32f3xx_hal_pcd.o
HAL_PCD_DeInit                                    build/stm32f3xx_hal_pcd.o
                                                  build/usbd_conf.o
HAL_PCD_DevConnect                                build/stm32f3xx_hal_pcd.o
HAL_PCD_DevDisconnect                             build/stm32f3xx_hal_pcd.o
HAL_PCD_DisconnectCallback                        build/usbd_conf.o
HAL_PCD_EP_Abort                                  build/stm32f3xx_hal_pcd.o
HAL_PCD_EP_Close                                  build/stm32f3xx_hal_pcd.o
                                                  build/usbd_conf.o
HAL_PCD_EP_ClrStall                               build/stm32f3xx_hal_pcd.o
                                                  build/usbd_conf.o
HAL_PCD_EP_Flush                                  build/stm32f3xx_hal_pcd.o
                                                  build/usbd_conf.o
HAL_PCD_EP_GetRxCount                             build/stm32f3xx_hal_pcd.o
                                                  build/usbd_conf.o
HAL_PCD_EP_Open                                   build/stm32f3xx_hal_pcd.o
                                                  build/usbd_conf.o
HAL_PCD_EP_Receive                                build/stm32f3xx_hal_pcd.o
                                                  build/usbd_conf.o
HAL_PCD_EP_SetStall                               build/stm32f3xx_hal_pcd.o
                                                  build/usbd_conf.o
HAL_PCD_EP_Transmit                               build/stm32f3xx_hal_pcd.o
                                                  build/usbd_conf.o
HAL_PCD_GetState                                  build/stm32f3xx_hal_pcd.o
HAL_PCD_IRQHandler                                build/stm32f3xx_hal_pcd.o
                                                  build/stm32f3xx_it.o
HAL_PCD_ISOINIncompleteCallback                   build/usbd_conf.o
HAL_PCD_ISOOUTIncompleteCallback                  build/usbd_conf.o
HAL_PCD_Init                                      build/stm32f3xx_hal_pcd.o
                                                  build/usbd_conf.o
HAL_PCD_MspDeInit                                 build/usbd_conf.o
HAL_PCD_MspInit                                   build/usbd_conf.o
HAL_PCD_ResetCallback                             build/usbd_conf.o
HAL_PCD_ResumeCallback                            build/usbd_conf.o
HAL_PCD_SOFCallback                               build/usbd_conf.o
HAL_PCD_SetAddress                                build/stm32f3xx_hal_pcd.o
                                                  build/usbd_conf.o
HAL_PCD_SetupStageCallback                        build/usbd_conf.o
HAL_PCD_Start                                     build/stm32f3xx_hal_pcd.o
                                                  build/usbd_conf.o
HAL_PCD_Stop                                      build/stm32f3xx_hal_pcd.o
                                                  build/usbd_conf.o
HAL_PCD_SuspendCallback                           build/usbd_conf.o
HAL_PCD_WKUP_IRQHandler                           build/stm32f3xx_hal_pcd.o
HAL_PWR_ConfigPVD                                 build/stm32f3xx_hal_pwr_ex.o
HAL_PWR_DeInit                                    build/stm32f3xx_hal_pwr.o
HAL_PWR_DisableBkUpAccess                         build/stm32f3xx_hal_pwr.o
HAL_PWR_DisablePVD                                build/stm32f3xx_hal_pwr_ex.o
HAL_PWR_DisableSEVOnPend                          build/stm32f3xx_hal_pwr.o
HAL_PWR_DisableSleepOnExit                        build/stm32f3xx_hal_pwr.o
HAL_PWR_DisableWakeUpPin                          build/stm32f3xx_hal_pwr.o
HAL_PWR_EnableBkUpAccess                          build/stm32f3xx_hal_pwr.o
HAL_PWR_EnablePVD                                 build/stm32f3xx_hal_pwr_ex.o
HAL_PWR_EnableSEVOnPend                           build/stm32f3xx_hal_pwr.o
HAL_PWR_EnableSleepOnExit                         build/stm32f3xx_hal_pwr.o
HAL_PWR_EnableWakeUpPin                           build/stm32f3xx_hal_pwr.o
HAL_PWR_EnterSLEEPMode                            build/stm32f3xx_hal_pwr.o
HAL_PWR_EnterSTANDBYMode                          build/stm32f3xx_hal_pwr.o
HAL_PWR_EnterSTOPMode                             build/stm32f3xx_hal_pwr.o
HAL_PWR_PVDCallback                               build/stm32f3xx_hal_pwr_ex.o
HAL_PWR_PVD_IRQHandler                            build/stm32f3xx_hal_pwr_ex.o
HAL_RCCEx_GetPeriphCLKConfig                      build/stm32f3xx_hal_rcc_ex.o
HAL_RCCEx_GetPeriphCLKFreq                        build/stm32f3xx_hal_rcc_ex.o
HAL_RCCEx_PeriphCLKConfig                         build/stm32f3xx_hal_rcc_ex.o
                                                  build/main.o
HAL_RCC_CSSCallback                               build/stm32f3xx_hal_rcc.o
HAL_RCC_ClockConfig                               build/stm32f3xx_hal_rcc.o
                                                  build/main.o
HAL_RCC_DeInit                                    build/stm32f3xx_hal_rcc.o
HAL_RCC_DisableCSS                                build/stm32f3xx_hal_rcc.o
HAL_RCC_EnableCSS                                 build/stm32f3xx_hal_rcc.o
HAL_RCC_GetClockConfig                            build/stm32f3xx_hal_rcc.o
HAL_RCC_GetHCLKFreq                               build/stm32f3xx_hal_rcc.o
HAL_RCC_GetOscConfig                              build/stm32f3xx_hal_rcc.o
HAL_RCC_GetPCLK1Freq                              build/stm32f3xx_hal_rcc.o
                                                  build/stm32f3xx_hal_rcc_ex.o
HAL_RCC_GetPCLK2Freq                              build/stm32f3xx_hal_rcc.o
                                                  build/stm32f3xx_hal_rcc_ex.o
HAL_RCC_GetSysClockFreq                           build/stm32f3xx_hal_rcc.o
                                                  build/stm32f3xx_hal_rcc_ex.o
HAL_RCC_MCOConfig                                 build/stm32f3xx_hal_rcc.o
HAL_RCC_NMI_IRQHandler                            build/stm32f3xx_hal_rcc.o
HAL_RCC_OscConfig                                 build/stm32f3xx_hal_rcc.o
                                                  build/main.o
HAL_ResumeTick                                    build/stm32f3xx_hal.o
HAL_SYSTICK_CLKSourceConfig                       build/stm32f3xx_hal_cortex.o
HAL_SYSTICK_Callback                              build/stm32f3xx_hal_cortex.o
HAL_SYSTICK_Config                                build/stm32f3xx_hal_cortex.o
                                                  build/stm32f3xx_hal.o
HAL_SYSTICK_IRQHandler                            build/stm32f3xx_hal_cortex.o
HAL_SetTickFreq                                   build/stm32f3xx_hal.o
HAL_SuspendTick                                   build/stm32f3xx_hal.o
HardFault_Handler                                 build/stm32f3xx_it.o
I2C1_ER_IRQHandler                                build/startup_stm32f303xc.o
I2C1_EV_IRQHandler                                build/startup_stm32f303xc.o
I2C2_ER_IRQHandler                                build/startup_stm32f303xc.o
I2C2_EV_IRQHandler                                build/startup_stm32f303xc.o
Load_Config                                       build/main.o
MUX1_Select                                       build/main.o
MUX2_Select                                       build/main.o
MX_ADC2_Init                                      build/adc.o
                                                  build/main.o
MX_ADC3_Init                                      build/adc.o
                                                  build/main.o
MX_ADC4_Init                                      build/adc.o
                                                  build/main.o
MX_GPIO_Init                                      build/gpio.o
                                                  build/main.o